Microchip MPLAB XC8 Compiler V2.10 ()

Linker command line:

-W-3 --edf=/opt/microchip/xc8/v2.10/pic/dat/en_msgs.txt -cs \
  -h+dist/default/production/Ass15-TempSensorSSD.X.production.sym \
  --cmf=dist/default/production/Ass15-TempSensorSSD.X.production.cmf -z \
  -Q16F877A -o/tmp/xcXrMDMxS --defsym=__MPLAB_BUILD=1 \
  -Mdist/default/production/Ass15-TempSensorSSD.X.production.map -E1 \
  -ver=XC8 --acfsm=1493 -ASTACK=0110h-016Fh -pstack=STACK \
  -ACODE=00h-07FFhx4 -ASTRCODE=00h-01FFFh -ASTRING=00h-0FFhx32 \
  -ACONST=00h-0FFhx32 -AENTRY=00h-0FFhx32 -ACOMMON=070h-07Fh \
  -ABANK0=020h-06Fh -ABANK1=0A0h-0EFh -ABANK2=0110h-016Fh \
  -ABANK3=0190h-01EFh -ARAM=020h-06Fh,0A0h-0EFh,0110h-016Fh,0190h-01EFh \
  -AABS1=020h-07Fh,0A0h-0EFh,0110h-016Fh,0190h-01EFh -ASFR0=00h-01Fh \
  -ASFR1=080h-09Fh -ASFR2=0100h-010Fh -ASFR3=0180h-018Fh \
  -preset_vec=00h,intentry,init,end_init -ppowerup=CODE -pcinit=CODE \
  -pfunctab=ENTRY -ACONFIG=02007h-02007h -pconfig=CONFIG -DCONFIG=2 \
  -AIDLOC=02000h-02003h -pidloc=IDLOC -DIDLOC=2 -AEEDATA=00h-0FFh/02100h \
  -peeprom_data=EEDATA -DEEDATA=2 -DCODE=2 -DSTRCODE=2 -DSTRING=2 -DCONST=2 \
  -DENTRY=2 -k /tmp/xcXpNpup1.o \
  dist/default/production/Ass15-TempSensorSSD.X.production.o 

Object code version is 3.11

Machine type is 16F877A



                Name                               Link     Load   Length Selector   Space Scale
/tmp/xcXpNpup1.o
                end_init                              0        0        3        0       0
                config                             2007     2007        1     400E       0
dist/default/production/Ass15-TempSensorSSD.X.production.o
                cinit                               7EE      7EE       12      FDC       0
                text12                              F97      F97       69     1F2E       0
                text11                                9        9       5B       12       0
                text10                              2AA      2AA      1E3      554       0
                text9                               F3A      F3A       27     1E74       0
                text8                               48D      48D      361      91A       0
                text7                                64       64       7A       C8       0
                text6                                DE       DE       BA      1BC       0
                text5                               F61      F61       36     1EC2       0
                text4                               EDD      EDD        9     1DBA       0
                text3                               EFC      EFC        C     1DF8       0
                text2                               EE6      EE6        B     1DCC       0
                text1                               F1B      F1B       1F     1E36       0
                maintext                            198      198      112      330       0
                cstackBANK0                          20       20       37       20       1
                cstackCOMMON                         70       70        E       70       1
                inittext                            F08      F08       13     1E10       0
                dataBANK0                            57       57        B       20       1
                idataBANK0                          EF1      EF1        B     1DE2       0

TOTAL           Name                               Link     Load   Length     Space
        CLASS   STACK          

        CLASS   CODE           
                end_init                              0        0        3         0
                cinit                               7EE      7EE       12         0
                text12                              F97      F97       69         0
                text11                                9        9       5B         0
                text10                              2AA      2AA      1E3         0
                text9                               F3A      F3A       27         0
                text8                               48D      48D      361         0
                text7                                64       64       7A         0
                text6                                DE       DE       BA         0
                text5                               F61      F61       36         0
                text4                               EDD      EDD        9         0
                text3                               EFC      EFC        C         0
                text2                               EE6      EE6        B         0
                text1                               F1B      F1B       1F         0
                maintext                            198      198      112         0
                inittext                            F08      F08       13         0
                idataBANK0                          EF1      EF1        B         0

        CLASS   STRCODE        

        CLASS   STRING         

        CLASS   CONST          

        CLASS   ENTRY          

        CLASS   COMMON         
                cstackCOMMON                         70       70        E         1

        CLASS   BANK0          
                cstackBANK0                          20       20       37         1
                dataBANK0                            57       57        B         1

        CLASS   BANK1          

        CLASS   BANK2          

        CLASS   BANK3          

        CLASS   RAM            

        CLASS   ABS1           
                abs_s1                               7E       7E        2         1

        CLASS   SFR0           

        CLASS   SFR1           

        CLASS   SFR2           

        CLASS   SFR3           

        CLASS   CONFIG         
                config                             2007     2007        1         0

        CLASS   IDLOC          

        CLASS   EEDATA         



SEGMENTS        Name                           Load    Length   Top    Selector   Space  Class     Delta

                reset_vec                      000000  000003  000003         0       0  CODE        2
                text11                         000009  00005B  000064        12       0  CODE        2
                cstackBANK0                    000020  000042  000062        20       1  BANK0       1
                cstackCOMMON                   000070  00000E  00007E        70       1  COMMON      1
                text7                          000064  00007A  0000DE        C8       0  CODE        2
                text6                          0000DE  0000BA  000198       1BC       0  CODE        2
                maintext                       000198  000112  0002AA       330       0  CODE        2
                text10                         0002AA  0001E3  00048D       554       0  CODE        2
                text8                          00048D  000361  0007EE       91A       0  CODE        2
                cinit                          0007EE  000012  000800       FDC       0  CODE        2
                text4                          000EDD  000009  000EE6      1DBA       0  CODE        2
                text2                          000EE6  00000B  000EF1      1DCC       0  CODE        2
                idataBANK0                     000EF1  00000B  000EFC      1DE2       0  CODE        2
                text3                          000EFC  00000C  000F08      1DF8       0  CODE        2
                inittext                       000F08  000013  000F1B      1E10       0  CODE        2
                text1                          000F1B  00001F  000F3A      1E36       0  CODE        2
                text9                          000F3A  000027  000F61      1E74       0  CODE        2
                text5                          000F61  000036  000F97      1EC2       0  CODE        2
                text12                         000F97  000069  001000      1F2E       0  CODE        2
                config                         002007  000001  002008      400E       0  CONFIG      2


UNUSED ADDRESS RANGES

        Name                Unused          Largest block    Delta
        BANK0            0062-006F              E           1
        BANK1            00A0-00EF             50           1
        BANK2            0110-016F             60           1
        BANK3            0190-01EF             60           1
        CODE             0003-0008              6           2
                         0800-0EDC            6DD
                         1000-1FFF            800
        CONST            0003-0008              6           2
                         0800-0EDC            100
                         1000-1FFF            100
        EEDATA           2100-21FF            100           2
        ENTRY            0003-0008              6           2
                         0800-0EDC            100
                         1000-1FFF            100
        IDLOC            2000-2003              4           2
        RAM              0062-006F              E           1
                         00A0-00EF             50
                         0110-016F             60
                         0190-01EF             60
        SFR0             0000-001F             20           1
        SFR1             0080-009F             20           1
        SFR2             0100-010F             10           1
        SFR3             0180-018F             10           1
        STACK            0110-016F             60           1
        STRCODE          0003-0008              6           2
                         0800-0EDC            6DD
                         1000-1FFF           1000
        STRING           0003-0008              6           2
                         0800-0EDC            100
                         1000-1FFF            100

                                  Symbol Table

?__Umul8_16              cstackCOMMON 0070
?___awdiv                cstackBANK0  0020
?___awmod                cstackBANK0  0028
?___fldiv                cstackCOMMON 0070
?___flmul                cstackBANK0  0020
?___fltol                cstackCOMMON 0070
?___xxtofl               cstackCOMMON 0070
?_read_adc               cstackCOMMON 0070
_ADCON0                  (abs)        001F
_ADCS0                   (abs)        00FE
_ADCS1                   (abs)        00FF
_ADFM                    (abs)        04FF
_ADON                    (abs)        00F8
_ADRESH                  (abs)        001E
_ADRESL                  (abs)        009E
_GO                      (abs)        00FA
_PORTA                   (abs)        0005
_PORTD                   (abs)        0008
_TRISA                   (abs)        0085
_TRISD                   (abs)        0088
__CFG_WDTE$OFF           (abs)        0000
__Habs1                  abs1         0000
__Hbank0                 bank0        0000
__Hbank1                 bank1        0000
__Hbank2                 bank2        0000
__Hbank3                 bank3        0000
__Hcinit                 cinit        0800
__Hclrtext               clrtext      0000
__Hcode                  code         0000
__Hcommon                common       0000
__Hconfig                config       2008
__HcstackBANK0           cstackBANK0  0000
__HcstackCOMMON          cstackCOMMON 0000
__HdataBANK0             dataBANK0    0000
__Heeprom_data           eeprom_data  0000
__Hend_init              end_init     0003
__Hfunctab               functab      0000
__HidataBANK0            idataBANK0   0000
__Hidloc                 idloc        0000
__Hinit                  init         0000
__Hinittext              inittext     0000
__Hintentry              intentry     0000
__Hmaintext              maintext     0000
__Hpowerup               powerup      0000
__Hram                   ram          0000
__Hreset_vec             reset_vec    0000
__Hsfr0                  sfr0         0000
__Hsfr1                  sfr1         0000
__Hsfr2                  sfr2         0000
__Hsfr3                  sfr3         0000
__Hspace_0               (abs)        2008
__Hspace_1               (abs)        007E
__Hspace_2               (abs)        0000
__Hspace_3               (abs)        0000
__Hstack                 stack        0000
__Hstrings               strings      0000
__Htext                  text         0000
__Labs1                  abs1         0000
__Lbank0                 bank0        0000
__Lbank1                 bank1        0000
__Lbank2                 bank2        0000
__Lbank3                 bank3        0000
__Lcinit                 cinit        07EE
__Lclrtext               clrtext      0000
__Lcode                  code         0000
__Lcommon                common       0000
__Lconfig                config       2007
__LcstackBANK0           cstackBANK0  0000
__LcstackCOMMON          cstackCOMMON 0000
__LdataBANK0             dataBANK0    0000
__Leeprom_data           eeprom_data  0000
__Lend_init              end_init     0000
__Lfunctab               functab      0000
__LidataBANK0            idataBANK0   0000
__Lidloc                 idloc        0000
__Linit                  init         0000
__Linittext              inittext     0000
__Lintentry              intentry     0000
__Lmaintext              maintext     0000
__Lpowerup               powerup      0000
__Lram                   ram          0000
__Lreset_vec             reset_vec    0000
__Lsfr0                  sfr0         0000
__Lsfr1                  sfr1         0000
__Lsfr2                  sfr2         0000
__Lsfr3                  sfr3         0000
__Lspace_0               (abs)        0000
__Lspace_1               (abs)        0000
__Lspace_2               (abs)        0000
__Lspace_3               (abs)        0000
__Lstack                 stack        0000
__Lstrings               strings      0000
__Ltext                  text         0000
__S0                     (abs)        2008
__S1                     (abs)        007E
__S2                     (abs)        0000
__S3                     (abs)        0000
__Umul8_16               text9        0F3A
__Umul8_16@multiplicand  cstackCOMMON 0070
__Umul8_16@multiplier    cstackCOMMON 0078
__Umul8_16@product       cstackCOMMON 0074
__Umul8_16@word_mpld     cstackCOMMON 0076
___awdiv                 text12       0F97
___awdiv@counter         cstackBANK0  0024
___awdiv@dividend        cstackBANK0  0022
___awdiv@divisor         cstackBANK0  0020
___awdiv@quotient        cstackBANK0  0026
___awdiv@sign            cstackBANK0  0025
___awmod                 text11       0009
___awmod@counter         cstackBANK0  002C
___awmod@dividend        cstackBANK0  002A
___awmod@divisor         cstackBANK0  0028
___awmod@sign            cstackBANK0  002D
___fldiv                 text10       02AA
___fldiv@a               cstackCOMMON 0070
___fldiv@aexp            cstackBANK0  002C
___fldiv@b               cstackCOMMON 0074
___fldiv@bexp            cstackBANK0  002B
___fldiv@grs             cstackBANK0  0027
___fldiv@new_exp         cstackBANK0  0025
___fldiv@rem             cstackBANK0  0020
___fldiv@sign            cstackBANK0  0024
___flmul                 text8        048D
___flmul@a               cstackBANK0  0024
___flmul@aexp            cstackBANK0  0032
___flmul@b               cstackBANK0  0020
___flmul@bexp            cstackBANK0  0033
___flmul@grs             cstackBANK0  002E
___flmul@prod            cstackBANK0  0034
___flmul@sign            cstackBANK0  002D
___flmul@temp            cstackBANK0  0038
___fltol                 text7        0064
___fltol@exp1            cstackCOMMON 007A
___fltol@f1              cstackCOMMON 0070
___fltol@sign1           cstackCOMMON 0079
___int_sp                stack        0000
___latbits               (abs)        0002
___sp                    stack        0000
___stackhi               (abs)        0000
___stacklo               (abs)        0000
___xxtofl                text6        00DE
___xxtofl@arg            cstackCOMMON 007A
___xxtofl@exp            cstackCOMMON 0079
___xxtofl@sign           cstackCOMMON 0078
___xxtofl@val            cstackCOMMON 0070
__end_of__Umul8_16       text9        0F61
__end_of___awdiv         text12       1000
__end_of___awmod         text11       0064
__end_of___fldiv         text10       048D
__end_of___flmul         text8        07EE
__end_of___fltol         text7        00DE
__end_of___xxtofl        text6        0198
__end_of__initialization cinit        07FC
__end_of_display         text5        0F97
__end_of_init_adc        text4        0EE6
__end_of_init_config     text2        0EF1
__end_of_init_ssd        text3        0F08
__end_of_main            maintext     02AA
__end_of_read_adc        text1        0F3A
__initialization         cinit        07EE
__pcstackBANK0           cstackBANK0  0020
__pcstackCOMMON          cstackCOMMON 0070
__pdataBANK0             dataBANK0    0057
__pidataBANK0            idataBANK0   0EF1
__pmaintext              maintext     0198
__ptext1                 text1        0F1B
__ptext10                text10       02AA
__ptext11                text11       0009
__ptext12                text12       0F97
__ptext2                 text2        0EE6
__ptext3                 text3        0EFC
__ptext4                 text4        0EDD
__ptext5                 text5        0F61
__ptext6                 text6        00DE
__ptext7                 text7        0064
__ptext8                 text8        048D
__ptext9                 text9        0F3A
__size_of__Umul8_16      (abs)        0000
__size_of___awdiv        (abs)        0000
__size_of___awmod        (abs)        0000
__size_of___fldiv        (abs)        0000
__size_of___flmul        (abs)        0000
__size_of___fltol        (abs)        0000
__size_of___xxtofl       (abs)        0000
__size_of_display        (abs)        0000
__size_of_init_adc       (abs)        0000
__size_of_init_config    (abs)        0000
__size_of_init_ssd       (abs)        0000
__size_of_main           (abs)        0000
__size_of_read_adc       (abs)        0000
_display                 text5        0F61
_init_adc                text4        0EDD
_init_config             text2        0EE6
_init_ssd                text3        0EFC
_main                    maintext     0198
_nDONE                   (abs)        00FA
_read_adc                text1        0F1B
btemp                    (abs)        007E
display@data             cstackCOMMON 0073
display@digit            cstackCOMMON 0074
display@wait             cstackCOMMON 0071
end_of_initialization    cinit        07FC
init_fetch0              inittext     0F08
init_ram0                inittext     0F0C
intlevel0                functab      0000
intlevel1                functab      0000
intlevel2                functab      0000
intlevel3                functab      0000
intlevel4                functab      0000
intlevel5                functab      0000
main@F858                dataBANK0    0057
main@adc_reg_val         cstackBANK0  004D
main@digits              cstackBANK0  003E
main@ssd                 cstackBANK0  004F
main@temperature         cstackBANK0  0053
main@voltage             cstackBANK0  0049
read_adc@adc_reg_val     cstackCOMMON 0073
read_adc@channel         cstackCOMMON 0075
reset_vec                reset_vec    0000
start                    init         0000
start_initialization     cinit        07EE
wtemp0                   (abs)        007E


FUNCTION INFORMATION:

 *************** function _main *****************
 Defined at:
		line 28 in file "main.c"
 Parameters:    Size  Location     Type
		None
 Auto vars:     Size  Location     Type
  digits         11   30[BANK0 ] unsigned char [11]
  ssd             4   47[BANK0 ] unsigned char [4]
  temperature     4   51[BANK0 ] float 
  voltage         4   41[BANK0 ] float 
  adc_reg_val     2   45[BANK0 ] unsigned short 
 Return value:  Size  Location     Type
                  1    wreg      void 
 Registers used:
		wreg, fsr0l, fsr0h, status,2, status,0, btemp+1, pclath, cstack
 Tracked objects:
		On entry : 
		On exit  : 
		Unchanged: 
 Data sizes:     COMMON   BANK0   BANK1   BANK3   BANK2
      Params:         0       0       0       0       0
      Locals:         0      25       0       0       0
      Temps:          0       4       0       0       0
      Totals:         0      29       0       0       0
Total ram usage:       29 bytes
 Hardware stack levels required when called:    2
 This function calls:
		___awdiv
		___awmod
		___fldiv
		___flmul
		___fltol
		___xxtofl
		_display
		_init_config
		_read_adc
 This function is called by:
		Startup code after reset
 This function uses a non-reentrant model


 *************** function _read_adc *****************
 Defined at:
		line 16 in file "adc.c"
 Parameters:    Size  Location     Type
  channel         1    wreg     unsigned char 
 Auto vars:     Size  Location     Type
  channel         1    5[COMMON] unsigned char 
  adc_reg_val     2    3[COMMON] unsigned short 
 Return value:  Size  Location     Type
                  2    0[COMMON] unsigned short 
 Registers used:
		wreg, status,2, status,0
 Tracked objects:
		On entry : 
		On exit  : 
		Unchanged: 
 Data sizes:     COMMON   BANK0   BANK1   BANK3   BANK2
      Params:         2       0       0       0       0
      Locals:         3       0       0       0       0
      Temps:          1       0       0       0       0
      Totals:         6       0       0       0       0
Total ram usage:        6 bytes
 Hardware stack levels used:    1
 This function calls:
		Nothing
 This function is called by:
		_main
 This function uses a non-reentrant model


 *************** function _init_config *****************
 Defined at:
		line 20 in file "main.c"
 Parameters:    Size  Location     Type
		None
 Auto vars:     Size  Location     Type
		None
 Return value:  Size  Location     Type
                  1    wreg      void 
 Registers used:
		wreg, status,2, status,0, pclath, cstack
 Tracked objects:
		On entry : 
		On exit  : 
		Unchanged: 
 Data sizes:     COMMON   BANK0   BANK1   BANK3   BANK2
      Params:         0       0       0       0       0
      Locals:         0       0       0       0       0
      Temps:          0       0       0       0       0
      Totals:         0       0       0       0       0
Total ram usage:        0 bytes
 Hardware stack levels used:    1
 Hardware stack levels required when called:    1
 This function calls:
		_init_adc
		_init_ssd
 This function is called by:
		_main
 This function uses a non-reentrant model


 *************** function _init_ssd *****************
 Defined at:
		line 4 in file "ssd.c"
 Parameters:    Size  Location     Type
		None
 Auto vars:     Size  Location     Type
		None
 Return value:  Size  Location     Type
                  1    wreg      void 
 Registers used:
		wreg, status,2
 Tracked objects:
		On entry : 
		On exit  : 
		Unchanged: 
 Data sizes:     COMMON   BANK0   BANK1   BANK3   BANK2
      Params:         0       0       0       0       0
      Locals:         0       0       0       0       0
      Temps:          0       0       0       0       0
      Totals:         0       0       0       0       0
Total ram usage:        0 bytes
 Hardware stack levels used:    1
 This function calls:
		Nothing
 This function is called by:
		_init_config
 This function uses a non-reentrant model


 *************** function _init_adc *****************
 Defined at:
		line 3 in file "adc.c"
 Parameters:    Size  Location     Type
		None
 Auto vars:     Size  Location     Type
		None
 Return value:  Size  Location     Type
                  1    wreg      void 
 Registers used:
		None
 Tracked objects:
		On entry : 
		On exit  : 
		Unchanged: 
 Data sizes:     COMMON   BANK0   BANK1   BANK3   BANK2
      Params:         0       0       0       0       0
      Locals:         0       0       0       0       0
      Temps:          0       0       0       0       0
      Totals:         0       0       0       0       0
Total ram usage:        0 bytes
 Hardware stack levels used:    1
 This function calls:
		Nothing
 This function is called by:
		_init_config
 This function uses a non-reentrant model


 *************** function _display *****************
 Defined at:
		line 15 in file "ssd.c"
 Parameters:    Size  Location     Type
  data            1    wreg     PTR unsigned char 
		 -> main@ssd(4), 
 Auto vars:     Size  Location     Type
  data            1    3[COMMON] PTR unsigned char 
		 -> main@ssd(4), 
  wait            2    1[COMMON] int 
  digit           1    4[COMMON] unsigned char 
 Return value:  Size  Location     Type
                  1    wreg      void 
 Registers used:
		wreg, fsr0l, fsr0h, status,2, status,0
 Tracked objects:
		On entry : 
		On exit  : 
		Unchanged: 
 Data sizes:     COMMON   BANK0   BANK1   BANK3   BANK2
      Params:         0       0       0       0       0
      Locals:         4       0       0       0       0
      Temps:          1       0       0       0       0
      Totals:         5       0       0       0       0
Total ram usage:        5 bytes
 Hardware stack levels used:    1
 This function calls:
		Nothing
 This function is called by:
		_main
 This function uses a non-reentrant model


 *************** function ___xxtofl *****************
 Defined at:
		line 10 in file "/opt/microchip/xc8/v2.10/pic/sources/c90/common/xxtofl.c"
 Parameters:    Size  Location     Type
  sign            1    wreg     unsigned char 
  val             4    0[COMMON] long 
 Auto vars:     Size  Location     Type
  sign            1    8[COMMON] unsigned char 
  arg             4   10[COMMON] unsigned long 
  exp             1    9[COMMON] unsigned char 
 Return value:  Size  Location     Type
                  4    0[COMMON] unsigned char 
 Registers used:
		wreg, status,2, status,0
 Tracked objects:
		On entry : 
		On exit  : 
		Unchanged: 
 Data sizes:     COMMON   BANK0   BANK1   BANK3   BANK2
      Params:         4       0       0       0       0
      Locals:         6       0       0       0       0
      Temps:          4       0       0       0       0
      Totals:        14       0       0       0       0
Total ram usage:       14 bytes
 Hardware stack levels used:    1
 This function calls:
		Nothing
 This function is called by:
		_main
 This function uses a non-reentrant model


 *************** function ___fltol *****************
 Defined at:
		line 43 in file "/opt/microchip/xc8/v2.10/pic/sources/c90/common/fltol.c"
 Parameters:    Size  Location     Type
  f1              4    0[COMMON] unsigned char 
 Auto vars:     Size  Location     Type
  exp1            1   10[COMMON] unsigned char 
  sign1           1    9[COMMON] unsigned char 
 Return value:  Size  Location     Type
                  4    0[COMMON] long 
 Registers used:
		wreg, status,2, status,0
 Tracked objects:
		On entry : 
		On exit  : 
		Unchanged: 
 Data sizes:     COMMON   BANK0   BANK1   BANK3   BANK2
      Params:         4       0       0       0       0
      Locals:         2       0       0       0       0
      Temps:          5       0       0       0       0
      Totals:        11       0       0       0       0
Total ram usage:       11 bytes
 Hardware stack levels used:    1
 This function calls:
		Nothing
 This function is called by:
		_main
 This function uses a non-reentrant model


 *************** function ___flmul *****************
 Defined at:
		line 8 in file "/opt/microchip/xc8/v2.10/pic/sources/c90/common/sprcmul.c"
 Parameters:    Size  Location     Type
  b               4    0[BANK0 ] long 
  a               4    4[BANK0 ] long 
 Auto vars:     Size  Location     Type
  prod            4   20[BANK0 ] struct .
  grs             4   14[BANK0 ] unsigned long 
  temp            2   24[BANK0 ] struct .
  bexp            1   19[BANK0 ] unsigned char 
  aexp            1   18[BANK0 ] unsigned char 
  sign            1   13[BANK0 ] unsigned char 
 Return value:  Size  Location     Type
                  4    0[BANK0 ] unsigned char 
 Registers used:
		wreg, status,2, status,0, btemp+1, pclath, cstack
 Tracked objects:
		On entry : 
		On exit  : 
		Unchanged: 
 Data sizes:     COMMON   BANK0   BANK1   BANK3   BANK2
      Params:         0       8       0       0       0
      Locals:         0      13       0       0       0
      Temps:          0       5       0       0       0
      Totals:         0      26       0       0       0
Total ram usage:       26 bytes
 Hardware stack levels used:    1
 Hardware stack levels required when called:    1
 This function calls:
		__Umul8_16
 This function is called by:
		_main
 This function uses a non-reentrant model


 *************** function __Umul8_16 *****************
 Defined at:
		line 4 in file "/opt/microchip/xc8/v2.10/pic/sources/c90/common/Umul8_16.c"
 Parameters:    Size  Location     Type
  multiplier      1    wreg     unsigned char 
  multiplicand    1    0[COMMON] unsigned char 
 Auto vars:     Size  Location     Type
  multiplier      1    8[COMMON] unsigned char 
  word_mpld       2    6[COMMON] unsigned int 
  product         2    4[COMMON] unsigned int 
 Return value:  Size  Location     Type
                  2    0[COMMON] unsigned int 
 Registers used:
		wreg, status,2, status,0
 Tracked objects:
		On entry : 
		On exit  : 
		Unchanged: 
 Data sizes:     COMMON   BANK0   BANK1   BANK3   BANK2
      Params:         2       0       0       0       0
      Locals:         5       0       0       0       0
      Temps:          2       0       0       0       0
      Totals:         9       0       0       0       0
Total ram usage:        9 bytes
 Hardware stack levels used:    1
 This function calls:
		Nothing
 This function is called by:
		___flmul
 This function uses a non-reentrant model


 *************** function ___fldiv *****************
 Defined at:
		line 8 in file "/opt/microchip/xc8/v2.10/pic/sources/c90/common/sprcdiv.c"
 Parameters:    Size  Location     Type
  a               4    0[COMMON] unsigned int 
  b               4    4[COMMON] unsigned int 
 Auto vars:     Size  Location     Type
  grs             4    7[BANK0 ] unsigned long 
  rem             4    0[BANK0 ] unsigned long 
  new_exp         2    5[BANK0 ] int 
  aexp            1   12[BANK0 ] unsigned char 
  bexp            1   11[BANK0 ] unsigned char 
  sign            1    4[BANK0 ] unsigned char 
 Return value:  Size  Location     Type
                  4    0[COMMON] unsigned char 
 Registers used:
		wreg, status,2, status,0, btemp+1
 Tracked objects:
		On entry : 
		On exit  : 
		Unchanged: 
 Data sizes:     COMMON   BANK0   BANK1   BANK3   BANK2
      Params:         8       0       0       0       0
      Locals:         0      13       0       0       0
      Temps:          5       0       0       0       0
      Totals:        13      13       0       0       0
Total ram usage:       26 bytes
 Hardware stack levels used:    1
 This function calls:
		Nothing
 This function is called by:
		_main
 This function uses a non-reentrant model


 *************** function ___awmod *****************
 Defined at:
		line 5 in file "/opt/microchip/xc8/v2.10/pic/sources/c90/common/awmod.c"
 Parameters:    Size  Location     Type
  divisor         2    8[BANK0 ] int 
  dividend        2   10[BANK0 ] int 
 Auto vars:     Size  Location     Type
  sign            1   13[BANK0 ] unsigned char 
  counter         1   12[BANK0 ] unsigned char 
 Return value:  Size  Location     Type
                  2    8[BANK0 ] int 
 Registers used:
		wreg, status,2, status,0
 Tracked objects:
		On entry : 
		On exit  : 
		Unchanged: 
 Data sizes:     COMMON   BANK0   BANK1   BANK3   BANK2
      Params:         0       4       0       0       0
      Locals:         0       2       0       0       0
      Temps:          1       0       0       0       0
      Totals:         1       6       0       0       0
Total ram usage:        7 bytes
 Hardware stack levels used:    1
 This function calls:
		Nothing
 This function is called by:
		_main
 This function uses a non-reentrant model


 *************** function ___awdiv *****************
 Defined at:
		line 5 in file "/opt/microchip/xc8/v2.10/pic/sources/c90/common/awdiv.c"
 Parameters:    Size  Location     Type
  divisor         2    0[BANK0 ] int 
  dividend        2    2[BANK0 ] int 
 Auto vars:     Size  Location     Type
  quotient        2    6[BANK0 ] int 
  sign            1    5[BANK0 ] unsigned char 
  counter         1    4[BANK0 ] unsigned char 
 Return value:  Size  Location     Type
                  2    0[BANK0 ] int 
 Registers used:
		wreg, status,2, status,0
 Tracked objects:
		On entry : 
		On exit  : 
		Unchanged: 
 Data sizes:     COMMON   BANK0   BANK1   BANK3   BANK2
      Params:         0       4       0       0       0
      Locals:         0       4       0       0       0
      Temps:          1       0       0       0       0
      Totals:         1       8       0       0       0
Total ram usage:        9 bytes
 Hardware stack levels used:    1
 This function calls:
		Nothing
 This function is called by:
		_main
 This function uses a non-reentrant model



MODULE INFORMATION

Module		Function		Class		Link	Load	Size
ssd.c
		_init_ssd      		CODE           	0EFC	0000	13
		_display       		CODE           	0F61	0000	55

ssd.c estimated size: 68

/opt/microchip/xc8/v2.10/pic/sources/c90/common/awmod.c
		___awmod       		CODE           	0009	0000	92

/opt/microchip/xc8/v2.10/pic/sources/c90/common/awmod.c estimated size: 92

/opt/microchip/xc8/v2.10/pic/sources/c90/common/Umul8_16.c
		__Umul8_16     		CODE           	0F3A	0000	40

/opt/microchip/xc8/v2.10/pic/sources/c90/common/Umul8_16.c estimated size: 40

/opt/microchip/xc8/v2.10/pic/sources/c90/common/fltol.c
		___fltol       		CODE           	0064	0000	123

/opt/microchip/xc8/v2.10/pic/sources/c90/common/fltol.c estimated size: 123

adc.c
		_init_adc      		CODE           	0EDD	0000	10
		_read_adc      		CODE           	0F1B	0000	32

adc.c estimated size: 42

/opt/microchip/xc8/v2.10/pic/sources/c90/common/awdiv.c
		___awdiv       		CODE           	0F97	0000	106

/opt/microchip/xc8/v2.10/pic/sources/c90/common/awdiv.c estimated size: 106

shared
		__initialization		CODE           	07EE	0000	15

shared estimated size: 15

/opt/microchip/xc8/v2.10/pic/sources/c90/common/sprcmul.c
		___flmul       		CODE           	048D	0000	866

/opt/microchip/xc8/v2.10/pic/sources/c90/common/sprcmul.c estimated size: 866

main.c
		_main          		CODE           	0198	0000	275
		_init_config   		CODE           	0EE6	0000	12

main.c estimated size: 287

/opt/microchip/xc8/v2.10/pic/sources/c90/common/xxtofl.c
		___xxtofl      		CODE           	00DE	0000	187

/opt/microchip/xc8/v2.10/pic/sources/c90/common/xxtofl.c estimated size: 187

/opt/microchip/xc8/v2.10/pic/sources/c90/common/sprcdiv.c
		___fldiv       		CODE           	02AA	0000	484

/opt/microchip/xc8/v2.10/pic/sources/c90/common/sprcdiv.c estimated size: 484

