Microchip MPLAB XC8 Compiler V2.10 ()

Linker command line:

-W-3 --edf=/opt/microchip/xc8/v2.10/pic/dat/en_msgs.txt -cs \
  -h+dist/default/production/27-long_press_EEPROM.X.production.sym \
  --cmf=dist/default/production/27-long_press_EEPROM.X.production.cmf -z \
  -Q16F877A -o/tmp/xcXL0Eg6h --defsym=__MPLAB_BUILD=1 \
  -Mdist/default/production/27-long_press_EEPROM.X.production.map -E1 \
  -ver=XC8 --acfsm=1493 -ASTACK=0110h-016Fh -pstack=STACK \
  -ACODE=00h-07FFhx4 -ASTRCODE=00h-01FFFh -ASTRING=00h-0FFhx32 \
  -ACONST=00h-0FFhx32 -AENTRY=00h-0FFhx32 -ACOMMON=070h-07Fh \
  -ABANK0=020h-06Fh -ABANK1=0A0h-0EFh -ABANK2=0110h-016Fh \
  -ABANK3=0190h-01EFh -ARAM=020h-06Fh,0A0h-0EFh,0110h-016Fh,0190h-01EFh \
  -AABS1=020h-07Fh,0A0h-0EFh,0110h-016Fh,0190h-01EFh -ASFR0=00h-01Fh \
  -ASFR1=080h-09Fh -ASFR2=0100h-010Fh -ASFR3=0180h-018Fh \
  -preset_vec=00h,intentry,init,end_init -ppowerup=CODE -pcinit=CODE \
  -pfunctab=ENTRY -ACONFIG=02007h-02007h -pconfig=CONFIG -DCONFIG=2 \
  -AIDLOC=02000h-02003h -pidloc=IDLOC -DIDLOC=2 -AEEDATA=00h-0FFh/02100h \
  -peeprom_data=EEDATA -DEEDATA=2 -DCODE=2 -DSTRCODE=2 -DSTRING=2 -DCONST=2 \
  -DENTRY=2 -k /tmp/xcXzFsN8C.o \
  dist/default/production/27-long_press_EEPROM.X.production.o 

Object code version is 3.11

Machine type is 16F877A



                Name                               Link     Load   Length Selector   Space Scale
/tmp/xcXzFsN8C.o
                end_init                              0        0        3        0       0
                config                             2007     2007        1     400E       0
dist/default/production/27-long_press_EEPROM.X.production.o
                cinit                               7EC      7EC       14      FD8       0
                text9                               651      651       44      CA2       0
                text8                               617      617       3A      C2E       0
                text7                               5E1      5E1       36      BC2       0
                text6                               573      573       17      AE6       0
                text5                               5B4      5B4       2D      B68       0
                text4                               538      538        6      A70       0
                text3                               554      554        C      AA8       0
                text2                               53E      53E        B      A7C       0
                text1                               58A      58A       2A      B14       0
                maintext                            695      695      157      D2A       0
                cstackBANK0                          20       20       1C       20       1
                cstackCOMMON                         70       70        E       70       1
                inittext                            560      560       13      AC0       0
                dataBANK0                            3C       3C        B       20       1
                bssBANK0                             47       47        2       20       1
                idataBANK0                          549      549        B      A92       0

TOTAL           Name                               Link     Load   Length     Space
        CLASS   STACK          

        CLASS   CODE           
                end_init                              0        0        3         0
                cinit                               7EC      7EC       14         0
                text9                               651      651       44         0
                text8                               617      617       3A         0
                text7                               5E1      5E1       36         0
                text6                               573      573       17         0
                text5                               5B4      5B4       2D         0
                text4                               538      538        6         0
                text3                               554      554        C         0
                text2                               53E      53E        B         0
                text1                               58A      58A       2A         0
                maintext                            695      695      157         0
                inittext                            560      560       13         0
                idataBANK0                          549      549        B         0

        CLASS   STRCODE        

        CLASS   STRING         

        CLASS   CONST          

        CLASS   ENTRY          

        CLASS   COMMON         
                cstackCOMMON                         70       70        E         1

        CLASS   BANK0          
                cstackBANK0                          20       20       1C         1
                dataBANK0                            3C       3C        B         1
                bssBANK0                             47       47        2         1

        CLASS   BANK1          

        CLASS   BANK2          

        CLASS   BANK3          

        CLASS   RAM            

        CLASS   ABS1           
                abs_s1                               7E       7E        2         1

        CLASS   SFR0           

        CLASS   SFR1           

        CLASS   SFR2           

        CLASS   SFR3           

        CLASS   CONFIG         
                config                             2007     2007        1         0

        CLASS   IDLOC          

        CLASS   EEDATA         



SEGMENTS        Name                           Load    Length   Top    Selector   Space  Class     Delta

                reset_vec                      000000  000003  000003         0       0  CODE        2
                cstackBANK0                    000020  000029  000049        20       1  BANK0       1
                cstackCOMMON                   000070  00000E  00007E        70       1  COMMON      1
                text4                          000538  000006  00053E       A70       0  CODE        2
                text2                          00053E  00000B  000549       A7C       0  CODE        2
                idataBANK0                     000549  00000B  000554       A92       0  CODE        2
                text3                          000554  00000C  000560       AA8       0  CODE        2
                inittext                       000560  000013  000573       AC0       0  CODE        2
                text6                          000573  000017  00058A       AE6       0  CODE        2
                text1                          00058A  00002A  0005B4       B14       0  CODE        2
                text5                          0005B4  00002D  0005E1       B68       0  CODE        2
                text7                          0005E1  000036  000617       BC2       0  CODE        2
                text8                          000617  00003A  000651       C2E       0  CODE        2
                text9                          000651  000044  000695       CA2       0  CODE        2
                maintext                       000695  000157  0007EC       D2A       0  CODE        2
                cinit                          0007EC  000014  000800       FD8       0  CODE        2
                config                         002007  000001  002008      400E       0  CONFIG      2


UNUSED ADDRESS RANGES

        Name                Unused          Largest block    Delta
        BANK0            0049-006F             27           1
        BANK1            00A0-00EF             50           1
        BANK2            0110-016F             60           1
        BANK3            0190-01EF             60           1
        CODE             0003-0537            535           2
                         0800-1FFF            800
        CONST            0003-0537            100           2
                         0800-1FFF            100
        EEDATA           2100-21FF            100           2
        ENTRY            0003-0537            100           2
                         0800-1FFF            100
        IDLOC            2000-2003              4           2
        RAM              0049-006F             27           1
                         00A0-00EF             50
                         0110-016F             60
                         0190-01EF             60
        SFR0             0000-001F             20           1
        SFR1             0080-009F             20           1
        SFR2             0100-010F             10           1
        SFR3             0180-018F             10           1
        STACK            0110-016F             60           1
        STRCODE          0003-0537            535           2
                         0800-1FFF           1800
        STRING           0003-0537            100           2
                         0800-1FFF            100

                                  Symbol Table

?___lwdiv                     cstackCOMMON 0070
?___lwmod                     cstackCOMMON 0078
_EEADR                        (abs)        010D
_EECON1                       (abs)        018C
_EECON1bits                   (abs)        018C
_EECON2                       (abs)        018D
_EEDATA                       (abs)        010C
_INTCONbits                   (abs)        000B
_PORTA                        (abs)        0005
_PORTB                        (abs)        0006
_PORTD                        (abs)        0008
_STATUSbits                   (abs)        0003
_TRISA                        (abs)        0085
_TRISB                        (abs)        0086
_TRISD                        (abs)        0088
__CFG_WDTE$OFF                (abs)        0000
__Habs1                       abs1         0000
__Hbank0                      bank0        0000
__Hbank1                      bank1        0000
__Hbank2                      bank2        0000
__Hbank3                      bank3        0000
__HbssBANK0                   bssBANK0     0000
__Hcinit                      cinit        0800
__Hclrtext                    clrtext      0000
__Hcode                       code         0000
__Hcommon                     common       0000
__Hconfig                     config       2008
__HcstackBANK0                cstackBANK0  0000
__HcstackCOMMON               cstackCOMMON 0000
__HdataBANK0                  dataBANK0    0000
__Heeprom_data                eeprom_data  0000
__Hend_init                   end_init     0003
__Hfunctab                    functab      0000
__HidataBANK0                 idataBANK0   0000
__Hidloc                      idloc        0000
__Hinit                       init         0000
__Hinittext                   inittext     0000
__Hintentry                   intentry     0000
__Hmaintext                   maintext     0000
__Hpowerup                    powerup      0000
__Hram                        ram          0000
__Hreset_vec                  reset_vec    0000
__Hsfr0                       sfr0         0000
__Hsfr1                       sfr1         0000
__Hsfr2                       sfr2         0000
__Hsfr3                       sfr3         0000
__Hspace_0                    (abs)        2008
__Hspace_1                    (abs)        007E
__Hspace_2                    (abs)        0000
__Hspace_3                    (abs)        0000
__Hstack                      stack        0000
__Hstrings                    strings      0000
__Htext                       text         0000
__Labs1                       abs1         0000
__Lbank0                      bank0        0000
__Lbank1                      bank1        0000
__Lbank2                      bank2        0000
__Lbank3                      bank3        0000
__LbssBANK0                   bssBANK0     0000
__Lcinit                      cinit        07EC
__Lclrtext                    clrtext      0000
__Lcode                       code         0000
__Lcommon                     common       0000
__Lconfig                     config       2007
__LcstackBANK0                cstackBANK0  0000
__LcstackCOMMON               cstackCOMMON 0000
__LdataBANK0                  dataBANK0    0000
__Leeprom_data                eeprom_data  0000
__Lend_init                   end_init     0000
__Lfunctab                    functab      0000
__LidataBANK0                 idataBANK0   0000
__Lidloc                      idloc        0000
__Linit                       init         0000
__Linittext                   inittext     0000
__Lintentry                   intentry     0000
__Lmaintext                   maintext     0000
__Lpowerup                    powerup      0000
__Lram                        ram          0000
__Lreset_vec                  reset_vec    0000
__Lsfr0                       sfr0         0000
__Lsfr1                       sfr1         0000
__Lsfr2                       sfr2         0000
__Lsfr3                       sfr3         0000
__Lspace_0                    (abs)        0000
__Lspace_1                    (abs)        0000
__Lspace_2                    (abs)        0000
__Lspace_3                    (abs)        0000
__Lstack                      stack        0000
__Lstrings                    strings      0000
__Ltext                       text         0000
__S0                          (abs)        2008
__S1                          (abs)        007E
__S2                          (abs)        0000
__S3                          (abs)        0000
___int_sp                     stack        0000
___latbits                    (abs)        0002
___lwdiv                      text9        0651
___lwdiv@counter              cstackCOMMON 0077
___lwdiv@dividend             cstackCOMMON 0072
___lwdiv@divisor              cstackCOMMON 0070
___lwdiv@quotient             cstackCOMMON 0075
___lwmod                      text8        0617
___lwmod@counter              cstackCOMMON 007D
___lwmod@dividend             cstackCOMMON 007A
___lwmod@divisor              cstackCOMMON 0078
___sp                         stack        0000
___stackhi                    (abs)        0000
___stacklo                    (abs)        0000
__end_of___lwdiv              text9        0695
__end_of___lwmod              text8        0651
__end_of__initialization      cinit        07FC
__end_of_display              text7        0617
__end_of_eeprom_read          text6        058A
__end_of_eeprom_write         text5        05E1
__end_of_init_config          text2        0549
__end_of_init_digital_keypad  text4        053E
__end_of_init_ssd             text3        0560
__end_of_main                 maintext     07EC
__end_of_read_digital_keypad  text1        05B4
__initialization              cinit        07EC
__pbssBANK0                   bssBANK0     0047
__pcstackBANK0                cstackBANK0  0020
__pcstackCOMMON               cstackCOMMON 0070
__pdataBANK0                  dataBANK0    003C
__pidataBANK0                 idataBANK0   0549
__pmaintext                   maintext     0695
__ptext1                      text1        058A
__ptext2                      text2        053E
__ptext3                      text3        0554
__ptext4                      text4        0538
__ptext5                      text5        05B4
__ptext6                      text6        0573
__ptext7                      text7        05E1
__ptext8                      text8        0617
__ptext9                      text9        0651
__size_of___lwdiv             (abs)        0000
__size_of___lwmod             (abs)        0000
__size_of_display             (abs)        0000
__size_of_eeprom_read         (abs)        0000
__size_of_eeprom_write        (abs)        0000
__size_of_init_config         (abs)        0000
__size_of_init_digital_keypad (abs)        0000
__size_of_init_ssd            (abs)        0000
__size_of_main                (abs)        0000
__size_of_read_digital_keypad (abs)        0000
_display                      text7        05E1
_eeprom_read                  text6        0573
_eeprom_write                 text5        05B4
_init_config                  text2        053E
_init_digital_keypad          text4        0538
_init_ssd                     text3        0554
_main                         maintext     0695
_read_digital_keypad          text1        058A
btemp                         (abs)        007E
display@data                  cstackCOMMON 0073
display@digit                 cstackCOMMON 0074
display@i                     cstackCOMMON 0071
eeprom_read@addr              cstackCOMMON 0071
eeprom_write@addr             cstackCOMMON 0072
eeprom_write@value            cstackCOMMON 0070
end_of_initialization         cinit        07FC
init_fetch0                   inittext     0560
init_ram0                     inittext     0564
intlevel0                     functab      0000
intlevel1                     functab      0000
intlevel2                     functab      0000
intlevel3                     functab      0000
intlevel4                     functab      0000
intlevel5                     functab      0000
main@F864                     dataBANK0    003C
main@check                    cstackBANK0  0038
main@count1                   cstackBANK0  003A
main@digit                    cstackBANK0  0024
main@key                      cstackBANK0  0039
main@long_press               cstackBANK0  0037
main@prev_count               cstackBANK0  0036
main@ssd                      cstackBANK0  002E
main@start                    cstackBANK0  0034
main@wait                     cstackBANK0  0032
read_digital_keypad@mode      cstackCOMMON 0071
read_digital_keypad@once      dataBANK0    0046
reset_vec                     reset_vec    0000
start                         init         0000
start_initialization          cinit        07EC
wtemp0                        (abs)        007E


FUNCTION INFORMATION:

 *************** function _main *****************
 Defined at:
		line 23 in file "main.c"
 Parameters:    Size  Location     Type
		None
 Auto vars:     Size  Location     Type
  digit          10    4[BANK0 ] unsigned char [10]
  ssd             4   14[BANK0 ] unsigned char [4]
  count1          2   26[BANK0 ] unsigned int 
  start           2   20[BANK0 ] unsigned int 
  wait            2   18[BANK0 ] unsigned int 
  key             1   25[BANK0 ] unsigned char 
  check           1   24[BANK0 ] unsigned char 
  long_press      1   23[BANK0 ] unsigned char 
  prev_count      1   22[BANK0 ] unsigned char 
 Return value:  Size  Location     Type
                  1    wreg      void 
 Registers used:
		wreg, fsr0l, fsr0h, status,2, status,0, pclath, cstack
 Tracked objects:
		On entry : 
		On exit  : 
		Unchanged: 
 Data sizes:     COMMON   BANK0   BANK1   BANK3   BANK2
      Params:         0       0       0       0       0
      Locals:         0      24       0       0       0
      Temps:          0       4       0       0       0
      Totals:         0      28       0       0       0
Total ram usage:       28 bytes
 Hardware stack levels required when called:    2
 This function calls:
		___lwdiv
		___lwmod
		_display
		_eeprom_read
		_eeprom_write
		_init_config
		_read_digital_keypad
 This function is called by:
		Startup code after reset
 This function uses a non-reentrant model


 *************** function _read_digital_keypad *****************
 Defined at:
		line 10 in file "digital_keypad.c"
 Parameters:    Size  Location     Type
  mode            1    wreg     unsigned char 
 Auto vars:     Size  Location     Type
  mode            1    1[COMMON] unsigned char 
 Return value:  Size  Location     Type
                  1    wreg      unsigned char 
 Registers used:
		wreg, status,2, status,0
 Tracked objects:
		On entry : 
		On exit  : 
		Unchanged: 
 Data sizes:     COMMON   BANK0   BANK1   BANK3   BANK2
      Params:         0       0       0       0       0
      Locals:         1       0       0       0       0
      Temps:          1       0       0       0       0
      Totals:         2       0       0       0       0
Total ram usage:        2 bytes
 Hardware stack levels used:    1
 This function calls:
		Nothing
 This function is called by:
		_main
 This function uses a non-reentrant model


 *************** function _init_config *****************
 Defined at:
		line 16 in file "main.c"
 Parameters:    Size  Location     Type
		None
 Auto vars:     Size  Location     Type
		None
 Return value:  Size  Location     Type
                  1    wreg      void 
 Registers used:
		wreg, status,2, status,0, pclath, cstack
 Tracked objects:
		On entry : 
		On exit  : 
		Unchanged: 
 Data sizes:     COMMON   BANK0   BANK1   BANK3   BANK2
      Params:         0       0       0       0       0
      Locals:         0       0       0       0       0
      Temps:          0       0       0       0       0
      Totals:         0       0       0       0       0
Total ram usage:        0 bytes
 Hardware stack levels used:    1
 Hardware stack levels required when called:    1
 This function calls:
		_init_digital_keypad
		_init_ssd
 This function is called by:
		_main
 This function uses a non-reentrant model


 *************** function _init_ssd *****************
 Defined at:
		line 4 in file "SSD.c"
 Parameters:    Size  Location     Type
		None
 Auto vars:     Size  Location     Type
		None
 Return value:  Size  Location     Type
                  1    wreg      void 
 Registers used:
		wreg, status,2
 Tracked objects:
		On entry : 
		On exit  : 
		Unchanged: 
 Data sizes:     COMMON   BANK0   BANK1   BANK3   BANK2
      Params:         0       0       0       0       0
      Locals:         0       0       0       0       0
      Temps:          0       0       0       0       0
      Totals:         0       0       0       0       0
Total ram usage:        0 bytes
 Hardware stack levels used:    1
 This function calls:
		Nothing
 This function is called by:
		_init_config
 This function uses a non-reentrant model


 *************** function _init_digital_keypad *****************
 Defined at:
		line 4 in file "digital_keypad.c"
 Parameters:    Size  Location     Type
		None
 Auto vars:     Size  Location     Type
		None
 Return value:  Size  Location     Type
                  1    wreg      void 
 Registers used:
		wreg, status,2
 Tracked objects:
		On entry : 
		On exit  : 
		Unchanged: 
 Data sizes:     COMMON   BANK0   BANK1   BANK3   BANK2
      Params:         0       0       0       0       0
      Locals:         0       0       0       0       0
      Temps:          0       0       0       0       0
      Totals:         0       0       0       0       0
Total ram usage:        0 bytes
 Hardware stack levels used:    1
 This function calls:
		Nothing
 This function is called by:
		_init_config
 This function uses a non-reentrant model


 *************** function _eeprom_write *****************
 Defined at:
		line 6 in file "/opt/microchip/xc8/v2.10/pic/sources/c90/pic/__eewrite.c"
 Parameters:    Size  Location     Type
  addr            1    wreg     unsigned char 
  value           1    0[COMMON] unsigned char 
 Auto vars:     Size  Location     Type
  addr            1    2[COMMON] unsigned char 
 Return value:  Size  Location     Type
                  1    wreg      void 
 Registers used:
		wreg, status,2, status,0
 Tracked objects:
		On entry : 
		On exit  : 
		Unchanged: 
 Data sizes:     COMMON   BANK0   BANK1   BANK3   BANK2
      Params:         1       0       0       0       0
      Locals:         1       0       0       0       0
      Temps:          1       0       0       0       0
      Totals:         3       0       0       0       0
Total ram usage:        3 bytes
 Hardware stack levels used:    1
 This function calls:
		Nothing
 This function is called by:
		_main
 This function uses a non-reentrant model


 *************** function _eeprom_read *****************
 Defined at:
		line 6 in file "/opt/microchip/xc8/v2.10/pic/sources/c90/pic/__eeread.c"
 Parameters:    Size  Location     Type
  addr            1    wreg     unsigned char 
 Auto vars:     Size  Location     Type
  addr            1    1[COMMON] unsigned char 
 Return value:  Size  Location     Type
                  1    wreg      unsigned char 
 Registers used:
		wreg, status,2, status,0
 Tracked objects:
		On entry : 
		On exit  : 
		Unchanged: 
 Data sizes:     COMMON   BANK0   BANK1   BANK3   BANK2
      Params:         0       0       0       0       0
      Locals:         1       0       0       0       0
      Temps:          1       0       0       0       0
      Totals:         2       0       0       0       0
Total ram usage:        2 bytes
 Hardware stack levels used:    1
 This function calls:
		Nothing
 This function is called by:
		_main
 This function uses a non-reentrant model


 *************** function _display *****************
 Defined at:
		line 17 in file "SSD.c"
 Parameters:    Size  Location     Type
  data            1    wreg     PTR unsigned char 
		 -> main@ssd(4), 
 Auto vars:     Size  Location     Type
  data            1    3[COMMON] PTR unsigned char 
		 -> main@ssd(4), 
  i               2    1[COMMON] unsigned int 
  digit           1    4[COMMON] unsigned char 
 Return value:  Size  Location     Type
                  1    wreg      void 
 Registers used:
		wreg, fsr0l, fsr0h, status,2, status,0
 Tracked objects:
		On entry : 
		On exit  : 
		Unchanged: 
 Data sizes:     COMMON   BANK0   BANK1   BANK3   BANK2
      Params:         0       0       0       0       0
      Locals:         4       0       0       0       0
      Temps:          1       0       0       0       0
      Totals:         5       0       0       0       0
Total ram usage:        5 bytes
 Hardware stack levels used:    1
 This function calls:
		Nothing
 This function is called by:
		_main
 This function uses a non-reentrant model


 *************** function ___lwmod *****************
 Defined at:
		line 5 in file "/opt/microchip/xc8/v2.10/pic/sources/c90/common/lwmod.c"
 Parameters:    Size  Location     Type
  divisor         2    8[COMMON] unsigned int 
  dividend        2   10[COMMON] unsigned int 
 Auto vars:     Size  Location     Type
  counter         1   13[COMMON] unsigned char 
 Return value:  Size  Location     Type
                  2    8[COMMON] unsigned int 
 Registers used:
		wreg, status,2, status,0
 Tracked objects:
		On entry : 
		On exit  : 
		Unchanged: 
 Data sizes:     COMMON   BANK0   BANK1   BANK3   BANK2
      Params:         4       0       0       0       0
      Locals:         1       0       0       0       0
      Temps:          1       0       0       0       0
      Totals:         6       0       0       0       0
Total ram usage:        6 bytes
 Hardware stack levels used:    1
 This function calls:
		Nothing
 This function is called by:
		_main
 This function uses a non-reentrant model


 *************** function ___lwdiv *****************
 Defined at:
		line 5 in file "/opt/microchip/xc8/v2.10/pic/sources/c90/common/lwdiv.c"
 Parameters:    Size  Location     Type
  divisor         2    0[COMMON] unsigned int 
  dividend        2    2[COMMON] unsigned int 
 Auto vars:     Size  Location     Type
  quotient        2    5[COMMON] unsigned int 
  counter         1    7[COMMON] unsigned char 
 Return value:  Size  Location     Type
                  2    0[COMMON] unsigned int 
 Registers used:
		wreg, status,2, status,0
 Tracked objects:
		On entry : 
		On exit  : 
		Unchanged: 
 Data sizes:     COMMON   BANK0   BANK1   BANK3   BANK2
      Params:         4       0       0       0       0
      Locals:         3       0       0       0       0
      Temps:          1       0       0       0       0
      Totals:         8       0       0       0       0
Total ram usage:        8 bytes
 Hardware stack levels used:    1
 This function calls:
		Nothing
 This function is called by:
		_main
 This function uses a non-reentrant model



MODULE INFORMATION

Module		Function		Class		Link	Load	Size
digital_keypad.c
		_init_digital_keypad		CODE           	0538	0000	7
		_read_digital_keypad		CODE           	058A	0000	43

digital_keypad.c estimated size: 50

/opt/microchip/xc8/v2.10/pic/sources/c90/common/lwmod.c
		___lwmod       		CODE           	0617	0000	59

/opt/microchip/xc8/v2.10/pic/sources/c90/common/lwmod.c estimated size: 59

SSD.c
		_init_ssd      		CODE           	0554	0000	13
		_display       		CODE           	05E1	0000	55

SSD.c estimated size: 68

/opt/microchip/xc8/v2.10/pic/sources/c90/pic/__eewrite.c
		_eeprom_write  		CODE           	05B4	0000	46

/opt/microchip/xc8/v2.10/pic/sources/c90/pic/__eewrite.c estimated size: 46

/opt/microchip/xc8/v2.10/pic/sources/c90/common/lwdiv.c
		___lwdiv       		CODE           	0651	0000	69

/opt/microchip/xc8/v2.10/pic/sources/c90/common/lwdiv.c estimated size: 69

shared
		__initialization		CODE           	07EC	0000	17

shared estimated size: 17

main.c
		_main          		CODE           	0695	0000	344
		_init_config   		CODE           	053E	0000	12

main.c estimated size: 356

/opt/microchip/xc8/v2.10/pic/sources/c90/pic/__eeread.c
		_eeprom_read   		CODE           	0573	0000	24

/opt/microchip/xc8/v2.10/pic/sources/c90/pic/__eeread.c estimated size: 24

