Microchip MPLAB XC8 Compiler V2.10 ()

Linker command line:

-W-3 --edf=/opt/microchip/xc8/v2.10/pic/dat/en_msgs.txt -cs \
  -h+dist/default/production/Ass24-TempSensorCLCD.X.production.sym \
  --cmf=dist/default/production/Ass24-TempSensorCLCD.X.production.cmf -z \
  -Q16F877A -o/tmp/xcX0g7q7j --defsym=__MPLAB_BUILD=1 \
  -Mdist/default/production/Ass24-TempSensorCLCD.X.production.map -E1 \
  -ver=XC8 --acfsm=1493 -ASTACK=0110h-016Fh -pstack=STACK \
  -ACODE=00h-07FFhx4 -ASTRCODE=00h-01FFFh -ASTRING=00h-0FFhx32 \
  -ACONST=00h-0FFhx32 -AENTRY=00h-0FFhx32 -ACOMMON=070h-07Fh \
  -ABANK0=020h-06Fh -ABANK1=0A0h-0EFh -ABANK2=0110h-016Fh \
  -ABANK3=0190h-01EFh -ARAM=020h-06Fh,0A0h-0EFh,0110h-016Fh,0190h-01EFh \
  -AABS1=020h-07Fh,0A0h-0EFh,0110h-016Fh,0190h-01EFh -ASFR0=00h-01Fh \
  -ASFR1=080h-09Fh -ASFR2=0100h-010Fh -ASFR3=0180h-018Fh \
  -preset_vec=00h,intentry,init,end_init -ppowerup=CODE -pcinit=CODE \
  -pfunctab=ENTRY -ACONFIG=02007h-02007h -pconfig=CONFIG -DCONFIG=2 \
  -AIDLOC=02000h-02003h -pidloc=IDLOC -DIDLOC=2 -AEEDATA=00h-0FFh/02100h \
  -peeprom_data=EEDATA -DEEDATA=2 -DCODE=2 -DSTRCODE=2 -DSTRING=2 -DCONST=2 \
  -DENTRY=2 -k /tmp/xcX6CHVfd.o \
  dist/default/production/Ass24-TempSensorCLCD.X.production.o 

Object code version is 3.11

Machine type is 16F877A



                Name                               Link     Load   Length Selector   Space Scale
/tmp/xcX6CHVfd.o
                end_init                              0        0        3        0       0
                config                             2007     2007        1     400E       0
dist/default/production/Ass24-TempSensorCLCD.X.production.o
                cinit                               7FC      7FC        4      FF8       0
                text16                              F0E      F0E       36     1E1C       0
                text15                              E70      E70       11     1CE0       0
                text14                               2E       2E       69       5C       0
                text13                              F44      F44       5B     1E88       0
                text12                              2B8      2B8      1E3      570       0
                text11                              EB8      EB8       27     1D70       0
                text10                              49B      49B      361      936       0
                text9                                97       97       7A      12E       0
                text8                               111      111       BC      222       0
                text7                               EDF      EDF       2F     1DBE       0
                text6                               1CD      1CD       EB      39A       0
                text5                               E5C      E5C        9     1CB8       0
                text4                               F9F      F9F       61     1F3E       0
                text3                               E65      E65        B     1CCA       0
                text2                               E81      E81       18     1D02       0
                text1                               E99      E99       1F     1D32       0
                maintext                              4        4       2A        8       0
                cstackBANK0                          20       20       44       20       1
                cstackCOMMON                         70       70        E       70       1
                strings                             800      800       29     1000       0

TOTAL           Name                               Link     Load   Length     Space
        CLASS   STACK          

        CLASS   CODE           
                end_init                              0        0        3         0
                cinit                               7FC      7FC        4         0
                text16                              F0E      F0E       36         0
                text15                              E70      E70       11         0
                text14                               2E       2E       69         0
                text13                              F44      F44       5B         0
                text12                              2B8      2B8      1E3         0
                text11                              EB8      EB8       27         0
                text10                              49B      49B      361         0
                text9                                97       97       7A         0
                text8                               111      111       BC         0
                text7                               EDF      EDF       2F         0
                text6                               1CD      1CD       EB         0
                text5                               E5C      E5C        9         0
                text4                               F9F      F9F       61         0
                text3                               E65      E65        B         0
                text2                               E81      E81       18         0
                text1                               E99      E99       1F         0
                maintext                              4        4       2A         0

        CLASS   STRCODE        

        CLASS   STRING         
                strings                             800      800       29         0

        CLASS   CONST          

        CLASS   ENTRY          

        CLASS   COMMON         
                cstackCOMMON                         70       70        E         1

        CLASS   BANK0          
                cstackBANK0                          20       20       44         1

        CLASS   BANK1          

        CLASS   BANK2          

        CLASS   BANK3          

        CLASS   RAM            

        CLASS   ABS1           
                abs_s1                               7E       7E        2         1

        CLASS   SFR0           

        CLASS   SFR1           

        CLASS   SFR2           

        CLASS   SFR3           

        CLASS   CONFIG         
                config                             2007     2007        1         0

        CLASS   IDLOC          

        CLASS   EEDATA         



SEGMENTS        Name                           Load    Length   Top    Selector   Space  Class     Delta

                reset_vec                      000000  000003  000003         0       0  CODE        2
                maintext                       000004  00002A  00002E         8       0  CODE        2
                cstackBANK0                    000020  000044  000064        20       1  BANK0       1
                text14                         00002E  000069  000097        5C       0  CODE        2
                cstackCOMMON                   000070  00000E  00007E        70       1  COMMON      1
                text9                          000097  00007A  000111       12E       0  CODE        2
                text8                          000111  0000BC  0001CD       222       0  CODE        2
                text6                          0001CD  0000EB  0002B8       39A       0  CODE        2
                text12                         0002B8  0001E3  00049B       570       0  CODE        2
                text10                         00049B  000361  0007FC       936       0  CODE        2
                cinit                          0007FC  000004  000800       FF8       0  CODE        2
                strings                        000800  000029  000829      1000       0  STRING      2
                text5                          000E5C  000009  000E65      1CB8       0  CODE        2
                text3                          000E65  00000B  000E70      1CCA       0  CODE        2
                text15                         000E70  000011  000E81      1CE0       0  CODE        2
                text2                          000E81  000018  000E99      1D02       0  CODE        2
                text1                          000E99  00001F  000EB8      1D32       0  CODE        2
                text11                         000EB8  000027  000EDF      1D70       0  CODE        2
                text7                          000EDF  00002F  000F0E      1DBE       0  CODE        2
                text16                         000F0E  000036  000F44      1E1C       0  CODE        2
                text13                         000F44  00005B  000F9F      1E88       0  CODE        2
                text4                          000F9F  000061  001000      1F3E       0  CODE        2
                config                         002007  000001  002008      400E       0  CONFIG      2


UNUSED ADDRESS RANGES

        Name                Unused          Largest block    Delta
        BANK0            0064-006F              C           1
        BANK1            00A0-00EF             50           1
        BANK2            0110-016F             60           1
        BANK3            0190-01EF             60           1
        CODE             0003-0003              1           2
                         0829-0E5B            633
                         1000-1FFF            800
        CONST            0003-0003              1           2
                         0829-0E5B            100
                         1000-1FFF            100
        EEDATA           2100-21FF            100           2
        ENTRY            0003-0003              1           2
                         0829-0E5B            100
                         1000-1FFF            100
        IDLOC            2000-2003              4           2
        RAM              0064-006F              C           1
                         00A0-00EF             50
                         0110-016F             60
                         0190-01EF             60
        SFR0             0000-001F             20           1
        SFR1             0080-009F             20           1
        SFR2             0100-010F             10           1
        SFR3             0180-018F             10           1
        STACK            0110-016F             60           1
        STRCODE          0003-0003              1           2
                         0829-0E5B            633
                         1000-1FFF           1000
        STRING           0003-0003              1           2
                         0829-0E5B            100
                         1000-1FFF            100

                                  Symbol Table

?__Umul8_16                       cstackCOMMON 0070
?___awdiv                         cstackBANK0  0020
?___awmod                         cstackBANK0  0020
?___fldiv                         cstackCOMMON 0070
?___flmul                         cstackBANK0  0036
?___fltol                         cstackCOMMON 0070
?___xxtofl                        cstackBANK0  0028
?_read_adc                        cstackCOMMON 0070
_ADCON0                           (abs)        001F
_ADCS0                            (abs)        00FE
_ADCS1                            (abs)        00FF
_ADFM                             (abs)        04FF
_ADON                             (abs)        00F8
_ADRESH                           (abs)        001E
_ADRESL                           (abs)        009E
_GO                               (abs)        00FA
_PORTD                            (abs)        0008
_RE1                              (abs)        0049
_RE2                              (abs)        004A
_TRISD                            (abs)        0088
_TRISE1                           (abs)        0449
_TRISE2                           (abs)        044A
__CFG_WDTE$OFF                    (abs)        0000
__Habs1                           abs1         0000
__Hbank0                          bank0        0000
__Hbank1                          bank1        0000
__Hbank2                          bank2        0000
__Hbank3                          bank3        0000
__Hcinit                          cinit        0800
__Hclrtext                        clrtext      0000
__Hcode                           code         0000
__Hcommon                         common       0000
__Hconfig                         config       2008
__HcstackBANK0                    cstackBANK0  0000
__HcstackCOMMON                   cstackCOMMON 0000
__Heeprom_data                    eeprom_data  0000
__Hend_init                       end_init     0003
__Hfunctab                        functab      0000
__Hidloc                          idloc        0000
__Hinit                           init         0000
__Hintentry                       intentry     0000
__Hmaintext                       maintext     0000
__Hpowerup                        powerup      0000
__Hram                            ram          0000
__Hreset_vec                      reset_vec    0000
__Hsfr0                           sfr0         0000
__Hsfr1                           sfr1         0000
__Hsfr2                           sfr2         0000
__Hsfr3                           sfr3         0000
__Hspace_0                        (abs)        2008
__Hspace_1                        (abs)        007E
__Hspace_2                        (abs)        0000
__Hspace_3                        (abs)        0000
__Hstack                          stack        0000
__Hstrings                        strings      0000
__Htext                           text         0000
__Labs1                           abs1         0000
__Lbank0                          bank0        0000
__Lbank1                          bank1        0000
__Lbank2                          bank2        0000
__Lbank3                          bank3        0000
__Lcinit                          cinit        07FC
__Lclrtext                        clrtext      0000
__Lcode                           code         0000
__Lcommon                         common       0000
__Lconfig                         config       2007
__LcstackBANK0                    cstackBANK0  0000
__LcstackCOMMON                   cstackCOMMON 0000
__Leeprom_data                    eeprom_data  0000
__Lend_init                       end_init     0000
__Lfunctab                        functab      0000
__Lidloc                          idloc        0000
__Linit                           init         0000
__Lintentry                       intentry     0000
__Lmaintext                       maintext     0000
__Lpowerup                        powerup      0000
__Lram                            ram          0000
__Lreset_vec                      reset_vec    0000
__Lsfr0                           sfr0         0000
__Lsfr1                           sfr1         0000
__Lsfr2                           sfr2         0000
__Lsfr3                           sfr3         0000
__Lspace_0                        (abs)        0000
__Lspace_1                        (abs)        0000
__Lspace_2                        (abs)        0000
__Lspace_3                        (abs)        0000
__Lstack                          stack        0000
__Lstrings                        strings      0000
__Ltext                           text         0000
__S0                              (abs)        2008
__S1                              (abs)        007E
__S2                              (abs)        0000
__S3                              (abs)        0000
__Umul8_16                        text11       0EB8
__Umul8_16@multiplicand           cstackCOMMON 0070
__Umul8_16@multiplier             cstackCOMMON 0078
__Umul8_16@product                cstackCOMMON 0074
__Umul8_16@word_mpld              cstackCOMMON 0076
___awdiv                          text14       002E
___awdiv@counter                  cstackBANK0  0024
___awdiv@dividend                 cstackBANK0  0022
___awdiv@divisor                  cstackBANK0  0020
___awdiv@quotient                 cstackBANK0  0026
___awdiv@sign                     cstackBANK0  0025
___awmod                          text13       0F44
___awmod@counter                  cstackCOMMON 007C
___awmod@dividend                 cstackBANK0  0022
___awmod@divisor                  cstackBANK0  0020
___awmod@sign                     cstackCOMMON 007D
___fldiv                          text12       02B8
___fldiv@a                        cstackCOMMON 0070
___fldiv@aexp                     cstackBANK0  002C
___fldiv@b                        cstackCOMMON 0074
___fldiv@bexp                     cstackBANK0  002B
___fldiv@grs                      cstackBANK0  0027
___fldiv@new_exp                  cstackBANK0  0025
___fldiv@rem                      cstackBANK0  0020
___fldiv@sign                     cstackBANK0  0024
___flmul                          text10       049B
___flmul@a                        cstackBANK0  003A
___flmul@aexp                     cstackBANK0  0048
___flmul@b                        cstackBANK0  0036
___flmul@bexp                     cstackBANK0  0049
___flmul@grs                      cstackBANK0  0044
___flmul@prod                     cstackBANK0  004A
___flmul@sign                     cstackBANK0  0043
___flmul@temp                     cstackBANK0  004E
___fltol                          text9        0097
___fltol@exp1                     cstackCOMMON 007A
___fltol@f1                       cstackCOMMON 0070
___fltol@sign1                    cstackCOMMON 0079
___int_sp                         stack        0000
___latbits                        (abs)        0002
___sp                             stack        0000
___stackhi                        (abs)        0000
___stacklo                        (abs)        0000
___xxtofl                         text8        0111
___xxtofl@arg                     cstackBANK0  0032
___xxtofl@exp                     cstackBANK0  0031
___xxtofl@sign                    cstackBANK0  0030
___xxtofl@val                     cstackBANK0  0028
__end_of__Umul8_16                text11       0EDF
__end_of___awdiv                  text14       0097
__end_of___awmod                  text13       0F9F
__end_of___fldiv                  text12       049B
__end_of___flmul                  text10       07FC
__end_of___fltol                  text9        0111
__end_of___xxtofl                 text8        01CD
__end_of__initialization          cinit        07FC
__end_of__stringtab               strings      0810
__end_of_clcd_print               text7        0F0E
__end_of_clcd_putch               text15       0E81
__end_of_clcd_write               text16       0F44
__end_of_display                  text6        02B8
__end_of_init_adc                 text5        0E65
__end_of_init_clcd                text3        0E70
__end_of_init_config              text2        0E99
__end_of_init_display_controller  text4        1000
__end_of_main                     maintext     002E
__end_of_read_adc                 text1        0EB8
__initialization                  cinit        07FC
__pcstackBANK0                    cstackBANK0  0020
__pcstackCOMMON                   cstackCOMMON 0070
__pmaintext                       maintext     0004
__pstrings                        strings      0800
__ptext1                          text1        0E99
__ptext10                         text10       049B
__ptext11                         text11       0EB8
__ptext12                         text12       02B8
__ptext13                         text13       0F44
__ptext14                         text14       002E
__ptext15                         text15       0E70
__ptext16                         text16       0F0E
__ptext2                          text2        0E81
__ptext3                          text3        0E65
__ptext4                          text4        0F9F
__ptext5                          text5        0E5C
__ptext6                          text6        01CD
__ptext7                          text7        0EDF
__ptext8                          text8        0111
__ptext9                          text9        0097
__size_of__Umul8_16               (abs)        0000
__size_of___awdiv                 (abs)        0000
__size_of___awmod                 (abs)        0000
__size_of___fldiv                 (abs)        0000
__size_of___flmul                 (abs)        0000
__size_of___fltol                 (abs)        0000
__size_of___xxtofl                (abs)        0000
__size_of_clcd_print              (abs)        0000
__size_of_clcd_putch              (abs)        0000
__size_of_clcd_write              (abs)        0000
__size_of_display                 (abs)        0000
__size_of_init_adc                (abs)        0000
__size_of_init_clcd               (abs)        0000
__size_of_init_config             (abs)        0000
__size_of_init_display_controller (abs)        0000
__size_of_main                    (abs)        0000
__size_of_read_adc                (abs)        0000
__stringbase                      strings      080F
__stringtab                       strings      0800
_clcd_print                       text7        0EDF
_clcd_putch                       text15       0E70
_clcd_write                       text16       0F0E
_display                          text6        01CD
_init_adc                         text5        0E5C
_init_clcd                        text3        0E65
_init_config                      text2        0E81
_init_display_controller          text4        0F9F
_main                             maintext     0004
_nDONE                            (abs)        00FA
_read_adc                         text1        0E99
btemp                             (abs)        007E
clcd_print@addr                   cstackCOMMON 0076
clcd_print@str                    cstackCOMMON 0074
clcd_putch@addr                   cstackCOMMON 0074
clcd_putch@data                   cstackCOMMON 0075
clcd_write@byte                   cstackCOMMON 0073
clcd_write@mode                   cstackCOMMON 0070
display@adc_reg_val               cstackBANK0  0050
display@buff                      cstackBANK0  0053
display@i                         cstackBANK0  005B
display@temperature               cstackBANK0  005D
display@voltage                   cstackBANK0  0057
end_of_initialization             cinit        07FC
intlevel0                         functab      0000
intlevel1                         functab      0000
intlevel2                         functab      0000
intlevel3                         functab      0000
intlevel4                         functab      0000
intlevel5                         functab      0000
main@adc_reg_val                  cstackBANK0  0062
read_adc@adc_reg_val              cstackCOMMON 0073
read_adc@channel                  cstackCOMMON 0075
reset_vec                         reset_vec    0000
start                             init         0000
start_initialization              cinit        07FC
wtemp0                            (abs)        007E


FUNCTION INFORMATION:

 *************** function _main *****************
 Defined at:
		line 62 in file "main.c"
 Parameters:    Size  Location     Type
		None
 Auto vars:     Size  Location     Type
  adc_reg_val     2   66[BANK0 ] unsigned short 
  d               1    0        unsigned char 
 Return value:  Size  Location     Type
                  1    wreg      void 
 Registers used:
		wreg, fsr0l, fsr0h, status,2, status,0, btemp+1, pclath, cstack
 Tracked objects:
		On entry : 
		On exit  : 
		Unchanged: 
 Data sizes:     COMMON   BANK0   BANK1   BANK3   BANK2
      Params:         0       0       0       0       0
      Locals:         0       3       0       0       0
      Temps:          0       1       0       0       0
      Totals:         0       4       0       0       0
Total ram usage:        4 bytes
 Hardware stack levels required when called:    4
 This function calls:
		_clcd_putch
		_display
		_init_config
		_read_adc
 This function is called by:
		Startup code after reset
 This function uses a non-reentrant model


 *************** function _read_adc *****************
 Defined at:
		line 18 in file "adc.c"
 Parameters:    Size  Location     Type
  channel         1    wreg     unsigned char 
 Auto vars:     Size  Location     Type
  channel         1    5[COMMON] unsigned char 
  adc_reg_val     2    3[COMMON] unsigned short 
 Return value:  Size  Location     Type
                  2    0[COMMON] unsigned short 
 Registers used:
		wreg, status,2, status,0
 Tracked objects:
		On entry : 
		On exit  : 
		Unchanged: 
 Data sizes:     COMMON   BANK0   BANK1   BANK3   BANK2
      Params:         2       0       0       0       0
      Locals:         3       0       0       0       0
      Temps:          1       0       0       0       0
      Totals:         6       0       0       0       0
Total ram usage:        6 bytes
 Hardware stack levels used:    1
 This function calls:
		Nothing
 This function is called by:
		_main
 This function uses a non-reentrant model


 *************** function _init_config *****************
 Defined at:
		line 52 in file "main.c"
 Parameters:    Size  Location     Type
		None
 Auto vars:     Size  Location     Type
		None
 Return value:  Size  Location     Type
                  1    wreg      void 
 Registers used:
		wreg, fsr0l, fsr0h, status,2, status,0, btemp+1, pclath, cstack
 Tracked objects:
		On entry : 
		On exit  : 
		Unchanged: 
 Data sizes:     COMMON   BANK0   BANK1   BANK3   BANK2
      Params:         0       0       0       0       0
      Locals:         0       0       0       0       0
      Temps:          1       0       0       0       0
      Totals:         1       0       0       0       0
Total ram usage:        1 bytes
 Hardware stack levels used:    1
 Hardware stack levels required when called:    3
 This function calls:
		_clcd_print
		_init_adc
		_init_clcd
 This function is called by:
		_main
 This function uses a non-reentrant model


 *************** function _init_clcd *****************
 Defined at:
		line 46 in file "clcd.c"
 Parameters:    Size  Location     Type
		None
 Auto vars:     Size  Location     Type
		None
 Return value:  Size  Location     Type
                  1    wreg      void 
 Registers used:
		wreg, status,2, status,0, pclath, cstack
 Tracked objects:
		On entry : 
		On exit  : 
		Unchanged: 
 Data sizes:     COMMON   BANK0   BANK1   BANK3   BANK2
      Params:         0       0       0       0       0
      Locals:         0       0       0       0       0
      Temps:          0       0       0       0       0
      Totals:         0       0       0       0       0
Total ram usage:        0 bytes
 Hardware stack levels used:    1
 Hardware stack levels required when called:    2
 This function calls:
		_init_display_controller
 This function is called by:
		_init_config
 This function uses a non-reentrant model


 *************** function _init_display_controller *****************
 Defined at:
		line 22 in file "clcd.c"
 Parameters:    Size  Location     Type
		None
 Auto vars:     Size  Location     Type
		None
 Return value:  Size  Location     Type
                  1    wreg      void 
 Registers used:
		wreg, status,2, status,0, pclath, cstack
 Tracked objects:
		On entry : 
		On exit  : 
		Unchanged: 
 Data sizes:     COMMON   BANK0   BANK1   BANK3   BANK2
      Params:         0       0       0       0       0
      Locals:         0       0       0       0       0
      Temps:          2       0       0       0       0
      Totals:         2       0       0       0       0
Total ram usage:        2 bytes
 Hardware stack levels used:    1
 Hardware stack levels required when called:    1
 This function calls:
		_clcd_write
 This function is called by:
		_init_clcd
 This function uses a non-reentrant model


 *************** function _init_adc *****************
 Defined at:
		line 5 in file "adc.c"
 Parameters:    Size  Location     Type
		None
 Auto vars:     Size  Location     Type
		None
 Return value:  Size  Location     Type
                  1    wreg      void 
 Registers used:
		None
 Tracked objects:
		On entry : 
		On exit  : 
		Unchanged: 
 Data sizes:     COMMON   BANK0   BANK1   BANK3   BANK2
      Params:         0       0       0       0       0
      Locals:         0       0       0       0       0
      Temps:          0       0       0       0       0
      Totals:         0       0       0       0       0
Total ram usage:        0 bytes
 Hardware stack levels used:    1
 This function calls:
		Nothing
 This function is called by:
		_init_config
 This function uses a non-reentrant model


 *************** function _display *****************
 Defined at:
		line 20 in file "main.c"
 Parameters:    Size  Location     Type
  adc_reg_val     2   48[BANK0 ] unsigned short 
 Auto vars:     Size  Location     Type
  buff            4   51[BANK0 ] unsigned char [4]
  temperature     4   61[BANK0 ] float 
  voltage         4   55[BANK0 ] float 
  i               2   59[BANK0 ] int 
 Return value:  Size  Location     Type
                  1    wreg      void 
 Registers used:
		wreg, fsr0l, fsr0h, status,2, status,0, btemp+1, pclath, cstack
 Tracked objects:
		On entry : 
		On exit  : 
		Unchanged: 
 Data sizes:     COMMON   BANK0   BANK1   BANK3   BANK2
      Params:         0       2       0       0       0
      Locals:         0      14       0       0       0
      Temps:          0       1       0       0       0
      Totals:         0      17       0       0       0
Total ram usage:       17 bytes
 Hardware stack levels used:    1
 Hardware stack levels required when called:    2
 This function calls:
		___awdiv
		___awmod
		___fldiv
		___flmul
		___fltol
		___xxtofl
		_clcd_print
 This function is called by:
		_main
 This function uses a non-reentrant model


 *************** function _clcd_print *****************
 Defined at:
		line 64 in file "clcd.c"
 Parameters:    Size  Location     Type
  str             2    4[COMMON] PTR const unsigned char 
		 -> STR_3(17), STR_2(2), display@buff(4), STR_1(6), 
  addr            1    6[COMMON] unsigned char 
 Auto vars:     Size  Location     Type
		None
 Return value:  Size  Location     Type
                  1    wreg      void 
 Registers used:
		wreg, fsr0l, fsr0h, status,2, status,0, btemp+1, pclath, cstack
 Tracked objects:
		On entry : 
		On exit  : 
		Unchanged: 
 Data sizes:     COMMON   BANK0   BANK1   BANK3   BANK2
      Params:         3       0       0       0       0
      Locals:         0       0       0       0       0
      Temps:          0       0       0       0       0
      Totals:         3       0       0       0       0
Total ram usage:        3 bytes
 Hardware stack levels used:    1
 Hardware stack levels required when called:    1
 This function calls:
		_clcd_write
 This function is called by:
		_display
		_init_config
 This function uses a non-reentrant model


 *************** function ___xxtofl *****************
 Defined at:
		line 10 in file "/opt/microchip/xc8/v2.10/pic/sources/c90/common/xxtofl.c"
 Parameters:    Size  Location     Type
  sign            1    wreg     unsigned char 
  val             4    8[BANK0 ] long 
 Auto vars:     Size  Location     Type
  sign            1   16[BANK0 ] unsigned char 
  arg             4   18[BANK0 ] unsigned long 
  exp             1   17[BANK0 ] unsigned char 
 Return value:  Size  Location     Type
                  4    8[BANK0 ] unsigned char 
 Registers used:
		wreg, status,2, status,0
 Tracked objects:
		On entry : 
		On exit  : 
		Unchanged: 
 Data sizes:     COMMON   BANK0   BANK1   BANK3   BANK2
      Params:         0       4       0       0       0
      Locals:         0       6       0       0       0
      Temps:          0       4       0       0       0
      Totals:         0      14       0       0       0
Total ram usage:       14 bytes
 Hardware stack levels used:    1
 This function calls:
		Nothing
 This function is called by:
		_display
 This function uses a non-reentrant model


 *************** function ___fltol *****************
 Defined at:
		line 43 in file "/opt/microchip/xc8/v2.10/pic/sources/c90/common/fltol.c"
 Parameters:    Size  Location     Type
  f1              4    0[COMMON] unsigned char 
 Auto vars:     Size  Location     Type
  exp1            1   10[COMMON] unsigned char 
  sign1           1    9[COMMON] unsigned char 
 Return value:  Size  Location     Type
                  4    0[COMMON] long 
 Registers used:
		wreg, status,2, status,0
 Tracked objects:
		On entry : 
		On exit  : 
		Unchanged: 
 Data sizes:     COMMON   BANK0   BANK1   BANK3   BANK2
      Params:         4       0       0       0       0
      Locals:         2       0       0       0       0
      Temps:          5       0       0       0       0
      Totals:        11       0       0       0       0
Total ram usage:       11 bytes
 Hardware stack levels used:    1
 This function calls:
		Nothing
 This function is called by:
		_display
 This function uses a non-reentrant model


 *************** function ___flmul *****************
 Defined at:
		line 8 in file "/opt/microchip/xc8/v2.10/pic/sources/c90/common/sprcmul.c"
 Parameters:    Size  Location     Type
  b               4   22[BANK0 ] long 
  a               4   26[BANK0 ] long 
 Auto vars:     Size  Location     Type
  prod            4   42[BANK0 ] struct .
  grs             4   36[BANK0 ] unsigned long 
  temp            2   46[BANK0 ] struct .
  bexp            1   41[BANK0 ] unsigned char 
  aexp            1   40[BANK0 ] unsigned char 
  sign            1   35[BANK0 ] unsigned char 
 Return value:  Size  Location     Type
                  4   22[BANK0 ] unsigned char 
 Registers used:
		wreg, status,2, status,0, btemp+1, pclath, cstack
 Tracked objects:
		On entry : 
		On exit  : 
		Unchanged: 
 Data sizes:     COMMON   BANK0   BANK1   BANK3   BANK2
      Params:         0       8       0       0       0
      Locals:         0      13       0       0       0
      Temps:          0       5       0       0       0
      Totals:         0      26       0       0       0
Total ram usage:       26 bytes
 Hardware stack levels used:    1
 Hardware stack levels required when called:    1
 This function calls:
		__Umul8_16
 This function is called by:
		_display
 This function uses a non-reentrant model


 *************** function __Umul8_16 *****************
 Defined at:
		line 4 in file "/opt/microchip/xc8/v2.10/pic/sources/c90/common/Umul8_16.c"
 Parameters:    Size  Location     Type
  multiplier      1    wreg     unsigned char 
  multiplicand    1    0[COMMON] unsigned char 
 Auto vars:     Size  Location     Type
  multiplier      1    8[COMMON] unsigned char 
  word_mpld       2    6[COMMON] unsigned int 
  product         2    4[COMMON] unsigned int 
 Return value:  Size  Location     Type
                  2    0[COMMON] unsigned int 
 Registers used:
		wreg, status,2, status,0
 Tracked objects:
		On entry : 
		On exit  : 
		Unchanged: 
 Data sizes:     COMMON   BANK0   BANK1   BANK3   BANK2
      Params:         2       0       0       0       0
      Locals:         5       0       0       0       0
      Temps:          2       0       0       0       0
      Totals:         9       0       0       0       0
Total ram usage:        9 bytes
 Hardware stack levels used:    1
 This function calls:
		Nothing
 This function is called by:
		___flmul
 This function uses a non-reentrant model


 *************** function ___fldiv *****************
 Defined at:
		line 8 in file "/opt/microchip/xc8/v2.10/pic/sources/c90/common/sprcdiv.c"
 Parameters:    Size  Location     Type
  a               4    0[COMMON] unsigned int 
  b               4    4[COMMON] unsigned int 
 Auto vars:     Size  Location     Type
  grs             4    7[BANK0 ] unsigned long 
  rem             4    0[BANK0 ] unsigned long 
  new_exp         2    5[BANK0 ] int 
  aexp            1   12[BANK0 ] unsigned char 
  bexp            1   11[BANK0 ] unsigned char 
  sign            1    4[BANK0 ] unsigned char 
 Return value:  Size  Location     Type
                  4    0[COMMON] unsigned char 
 Registers used:
		wreg, status,2, status,0, btemp+1
 Tracked objects:
		On entry : 
		On exit  : 
		Unchanged: 
 Data sizes:     COMMON   BANK0   BANK1   BANK3   BANK2
      Params:         8       0       0       0       0
      Locals:         0      13       0       0       0
      Temps:          5       0       0       0       0
      Totals:        13      13       0       0       0
Total ram usage:       26 bytes
 Hardware stack levels used:    1
 This function calls:
		Nothing
 This function is called by:
		_display
 This function uses a non-reentrant model


 *************** function ___awmod *****************
 Defined at:
		line 5 in file "/opt/microchip/xc8/v2.10/pic/sources/c90/common/awmod.c"
 Parameters:    Size  Location     Type
  divisor         2    0[BANK0 ] int 
  dividend        2    2[BANK0 ] int 
 Auto vars:     Size  Location     Type
  sign            1   13[COMMON] unsigned char 
  counter         1   12[COMMON] unsigned char 
 Return value:  Size  Location     Type
                  2    0[BANK0 ] int 
 Registers used:
		wreg, status,2, status,0
 Tracked objects:
		On entry : 
		On exit  : 
		Unchanged: 
 Data sizes:     COMMON   BANK0   BANK1   BANK3   BANK2
      Params:         0       4       0       0       0
      Locals:         2       0       0       0       0
      Temps:          1       0       0       0       0
      Totals:         3       4       0       0       0
Total ram usage:        7 bytes
 Hardware stack levels used:    1
 This function calls:
		Nothing
 This function is called by:
		_display
 This function uses a non-reentrant model


 *************** function ___awdiv *****************
 Defined at:
		line 5 in file "/opt/microchip/xc8/v2.10/pic/sources/c90/common/awdiv.c"
 Parameters:    Size  Location     Type
  divisor         2    0[BANK0 ] int 
  dividend        2    2[BANK0 ] int 
 Auto vars:     Size  Location     Type
  quotient        2    6[BANK0 ] int 
  sign            1    5[BANK0 ] unsigned char 
  counter         1    4[BANK0 ] unsigned char 
 Return value:  Size  Location     Type
                  2    0[BANK0 ] int 
 Registers used:
		wreg, status,2, status,0
 Tracked objects:
		On entry : 
		On exit  : 
		Unchanged: 
 Data sizes:     COMMON   BANK0   BANK1   BANK3   BANK2
      Params:         0       4       0       0       0
      Locals:         0       4       0       0       0
      Temps:          1       0       0       0       0
      Totals:         1       8       0       0       0
Total ram usage:        9 bytes
 Hardware stack levels used:    1
 This function calls:
		Nothing
 This function is called by:
		_display
 This function uses a non-reentrant model


 *************** function _clcd_putch *****************
 Defined at:
		line 58 in file "clcd.c"
 Parameters:    Size  Location     Type
  data            1    wreg     const unsigned char 
  addr            1    4[COMMON] unsigned char 
 Auto vars:     Size  Location     Type
  data            1    5[COMMON] const unsigned char 
 Return value:  Size  Location     Type
                  1    wreg      void 
 Registers used:
		wreg, status,2, status,0, pclath, cstack
 Tracked objects:
		On entry : 
		On exit  : 
		Unchanged: 
 Data sizes:     COMMON   BANK0   BANK1   BANK3   BANK2
      Params:         1       0       0       0       0
      Locals:         1       0       0       0       0
      Temps:          0       0       0       0       0
      Totals:         2       0       0       0       0
Total ram usage:        2 bytes
 Hardware stack levels used:    1
 Hardware stack levels required when called:    1
 This function calls:
		_clcd_write
 This function is called by:
		_main
 This function uses a non-reentrant model


 *************** function _clcd_write *****************
 Defined at:
		line 4 in file "clcd.c"
 Parameters:    Size  Location     Type
  byte            1    wreg     unsigned char 
  mode            1    0[COMMON] unsigned char 
 Auto vars:     Size  Location     Type
  byte            1    3[COMMON] unsigned char 
 Return value:  Size  Location     Type
                  1    wreg      void 
 Registers used:
		wreg, status,2, status,0
 Tracked objects:
		On entry : 
		On exit  : 
		Unchanged: 
 Data sizes:     COMMON   BANK0   BANK1   BANK3   BANK2
      Params:         1       0       0       0       0
      Locals:         1       0       0       0       0
      Temps:          2       0       0       0       0
      Totals:         4       0       0       0       0
Total ram usage:        4 bytes
 Hardware stack levels used:    1
 This function calls:
		Nothing
 This function is called by:
		_init_display_controller
		_clcd_putch
		_clcd_print
 This function uses a non-reentrant model



MODULE INFORMATION

Module		Function		Class		Link	Load	Size
/opt/microchip/xc8/v2.10/pic/sources/c90/common/awmod.c
		___awmod       		CODE           	0F44	0000	92

/opt/microchip/xc8/v2.10/pic/sources/c90/common/awmod.c estimated size: 92

/opt/microchip/xc8/v2.10/pic/sources/c90/common/Umul8_16.c
		__Umul8_16     		CODE           	0EB8	0000	40

/opt/microchip/xc8/v2.10/pic/sources/c90/common/Umul8_16.c estimated size: 40

/opt/microchip/xc8/v2.10/pic/sources/c90/common/fltol.c
		___fltol       		CODE           	0097	0000	123

/opt/microchip/xc8/v2.10/pic/sources/c90/common/fltol.c estimated size: 123

adc.c
		_init_adc      		CODE           	0E5C	0000	10
		_read_adc      		CODE           	0E99	0000	32

adc.c estimated size: 42

/opt/microchip/xc8/v2.10/pic/sources/c90/common/awdiv.c
		___awdiv       		CODE           	002E	0000	106

/opt/microchip/xc8/v2.10/pic/sources/c90/common/awdiv.c estimated size: 106

shared
		__stringtab    		STRING         	0800	0000	17
		__initialization		CODE           	07FC	0000	1

shared estimated size: 18

clcd.c
		_clcd_write    		CODE           	0F0E	0000	55
		_clcd_print    		CODE           	0EDF	0000	48
		_clcd_putch    		CODE           	0E70	0000	18
		_init_display_controller		CODE           	0F9F	0000	98
		_init_clcd     		CODE           	0E65	0000	12

clcd.c estimated size: 231

/opt/microchip/xc8/v2.10/pic/sources/c90/common/sprcmul.c
		___flmul       		CODE           	049B	0000	866

/opt/microchip/xc8/v2.10/pic/sources/c90/common/sprcmul.c estimated size: 866

main.c
		_display       		CODE           	01CD	0000	236
		_main          		CODE           	0004	0000	43
		_init_config   		CODE           	0E81	0000	25

main.c estimated size: 304

/opt/microchip/xc8/v2.10/pic/sources/c90/common/xxtofl.c
		___xxtofl      		CODE           	0111	0000	189

/opt/microchip/xc8/v2.10/pic/sources/c90/common/xxtofl.c estimated size: 189

/opt/microchip/xc8/v2.10/pic/sources/c90/common/sprcdiv.c
		___fldiv       		CODE           	02B8	0000	484

/opt/microchip/xc8/v2.10/pic/sources/c90/common/sprcdiv.c estimated size: 484

