Microchip MPLAB XC8 Compiler V2.10 ()

Linker command line:

-W-3 --edf=/opt/microchip/xc8/v2.10/pic/dat/en_msgs.txt -cs \
  -h+dist/default/production/A-19-DownConverter.X.production.sym \
  --cmf=dist/default/production/A-19-DownConverter.X.production.cmf -z \
  -Q16F877A -o/tmp/xcXzbOARi --defsym=__MPLAB_BUILD=1 \
  -Mdist/default/production/A-19-DownConverter.X.production.map -E1 \
  -ver=XC8 --acfsm=1493 -ASTACK=0110h-016Fh -pstack=STACK \
  -ACODE=00h-07FFhx4 -ASTRCODE=00h-01FFFh -ASTRING=00h-0FFhx32 \
  -ACONST=00h-0FFhx32 -AENTRY=00h-0FFhx32 -ACOMMON=070h-07Fh \
  -ABANK0=020h-06Fh -ABANK1=0A0h-0EFh -ABANK2=0110h-016Fh \
  -ABANK3=0190h-01EFh -ARAM=020h-06Fh,0A0h-0EFh,0110h-016Fh,0190h-01EFh \
  -AABS1=020h-07Fh,0A0h-0EFh,0110h-016Fh,0190h-01EFh -ASFR0=00h-01Fh \
  -ASFR1=080h-09Fh -ASFR2=0100h-010Fh -ASFR3=0180h-018Fh \
  -preset_vec=00h,intentry,init,end_init -ppowerup=CODE -pcinit=CODE \
  -pfunctab=ENTRY -ACONFIG=02007h-02007h -pconfig=CONFIG -DCONFIG=2 \
  -AIDLOC=02000h-02003h -pidloc=IDLOC -DIDLOC=2 -AEEDATA=00h-0FFh/02100h \
  -peeprom_data=EEDATA -DEEDATA=2 -DCODE=2 -DSTRCODE=2 -DSTRING=2 -DCONST=2 \
  -DENTRY=2 -k /tmp/xcXzUkUTw.o \
  dist/default/production/A-19-DownConverter.X.production.o 

Object code version is 3.11

Machine type is 16F877A



                Name                               Link     Load   Length Selector   Space Scale
/tmp/xcXzUkUTw.o
                end_init                              0        0        3        0       0
                config                             2007     2007        1     400E       0
dist/default/production/A-19-DownConverter.X.production.o
                cinit                               7EE      7EE       12      FDC       0
                text6                               66C      66C       20      CD8       0
                text5                               6BA      6BA       2F      D74       0
                text4                               6E9      6E9       57      DD2       0
                text3                               638      638        B      C70       0
                text2                               632      632        6      C64       0
                text1                               68C      68C       2E      D18       0
                maintext                            740      740       AE      E80       0
                cstackBANK0                          20       20       1A       20       1
                cstackCOMMON                         70       70        B       70       1
                inittext                            643      643       13      C86       0
                dataBANK0                            3A       3A       16       20       1
                strings                               3        3       33        6       0
                idataBANK0                          656      656       16      CAC       0

TOTAL           Name                               Link     Load   Length     Space
        CLASS   STACK          

        CLASS   CODE           
                end_init                              0        0        3         0
                cinit                               7EE      7EE       12         0
                text6                               66C      66C       20         0
                text5                               6BA      6BA       2F         0
                text4                               6E9      6E9       57         0
                text3                               638      638        B         0
                text2                               632      632        6         0
                text1                               68C      68C       2E         0
                maintext                            740      740       AE         0
                inittext                            643      643       13         0
                idataBANK0                          656      656       16         0

        CLASS   STRCODE        

        CLASS   STRING         
                strings                               3        3       33         0

        CLASS   CONST          

        CLASS   ENTRY          

        CLASS   COMMON         
                cstackCOMMON                         70       70        B         1

        CLASS   BANK0          
                cstackBANK0                          20       20       1A         1
                dataBANK0                            3A       3A       16         1

        CLASS   BANK1          

        CLASS   BANK2          

        CLASS   BANK3          

        CLASS   RAM            

        CLASS   ABS1           
                abs_s1                               7E       7E        2         1

        CLASS   SFR0           

        CLASS   SFR1           

        CLASS   SFR2           

        CLASS   SFR3           

        CLASS   CONFIG         
                config                             2007     2007        1         0

        CLASS   IDLOC          

        CLASS   EEDATA         



SEGMENTS        Name                           Load    Length   Top    Selector   Space  Class     Delta

                reset_vec                      000000  000003  000003         0       0  CODE        2
                strings                        000003  000033  000036         6       0  STRING      2
                cstackBANK0                    000020  000030  000050        20       1  BANK0       1
                cstackCOMMON                   000070  00000B  00007B        70       1  COMMON      1
                text2                          000632  000006  000638       C64       0  CODE        2
                text3                          000638  00000B  000643       C70       0  CODE        2
                inittext                       000643  000013  000656       C86       0  CODE        2
                idataBANK0                     000656  000016  00066C       CAC       0  CODE        2
                text6                          00066C  000020  00068C       CD8       0  CODE        2
                text1                          00068C  00002E  0006BA       D18       0  CODE        2
                text5                          0006BA  00002F  0006E9       D74       0  CODE        2
                text4                          0006E9  000057  000740       DD2       0  CODE        2
                maintext                       000740  0000AE  0007EE       E80       0  CODE        2
                cinit                          0007EE  000012  000800       FDC       0  CODE        2
                config                         002007  000001  002008      400E       0  CONFIG      2


UNUSED ADDRESS RANGES

        Name                Unused          Largest block    Delta
        BANK0            0050-006F             20           1
        BANK1            00A0-00EF             50           1
        BANK2            0110-016F             60           1
        BANK3            0190-01EF             60           1
        CODE             0036-0631            5FC           2
                         0800-1FFF            800
        COMMON           007B-007D              3           1
        CONST            0036-0631            100           2
                         0800-1FFF            100
        EEDATA           2100-21FF            100           2
        ENTRY            0036-0631            100           2
                         0800-1FFF            100
        IDLOC            2000-2003              4           2
        RAM              0050-006F             20           1
                         00A0-00EF             50
                         0110-016F             60
                         0190-01EF             60
        SFR0             0000-001F             20           1
        SFR1             0080-009F             20           1
        SFR2             0100-010F             10           1
        SFR3             0180-018F             10           1
        STACK            0110-016F             60           1
        STRCODE          0036-0631            5FC           2
                         0800-1FFF           1800
        STRING           0036-0631            100           2
                         0800-1FFF            100

                                  Symbol Table

?_strcmp                          cstackCOMMON 0070
_PORTD                            (abs)        0008
_RE1                              (abs)        0049
_RE2                              (abs)        004A
_TRISD                            (abs)        0088
_TRISE1                           (abs)        0449
_TRISE2                           (abs)        044A
__CFG_WDTE$OFF                    (abs)        0000
__Habs1                           abs1         0000
__Hbank0                          bank0        0000
__Hbank1                          bank1        0000
__Hbank2                          bank2        0000
__Hbank3                          bank3        0000
__Hcinit                          cinit        0800
__Hclrtext                        clrtext      0000
__Hcode                           code         0000
__Hcommon                         common       0000
__Hconfig                         config       2008
__HcstackBANK0                    cstackBANK0  0000
__HcstackCOMMON                   cstackCOMMON 0000
__HdataBANK0                      dataBANK0    0000
__Heeprom_data                    eeprom_data  0000
__Hend_init                       end_init     0003
__Hfunctab                        functab      0000
__HidataBANK0                     idataBANK0   0000
__Hidloc                          idloc        0000
__Hinit                           init         0000
__Hinittext                       inittext     0000
__Hintentry                       intentry     0000
__Hmaintext                       maintext     0000
__Hpowerup                        powerup      0000
__Hram                            ram          0000
__Hreset_vec                      reset_vec    0000
__Hsfr0                           sfr0         0000
__Hsfr1                           sfr1         0000
__Hsfr2                           sfr2         0000
__Hsfr3                           sfr3         0000
__Hspace_0                        (abs)        2008
__Hspace_1                        (abs)        007B
__Hspace_2                        (abs)        0000
__Hspace_3                        (abs)        0000
__Hstack                          stack        0000
__Hstrings                        strings      0000
__Htext                           text         0000
__Labs1                           abs1         0000
__Lbank0                          bank0        0000
__Lbank1                          bank1        0000
__Lbank2                          bank2        0000
__Lbank3                          bank3        0000
__Lcinit                          cinit        07EE
__Lclrtext                        clrtext      0000
__Lcode                           code         0000
__Lcommon                         common       0000
__Lconfig                         config       2007
__LcstackBANK0                    cstackBANK0  0000
__LcstackCOMMON                   cstackCOMMON 0000
__LdataBANK0                      dataBANK0    0000
__Leeprom_data                    eeprom_data  0000
__Lend_init                       end_init     0000
__Lfunctab                        functab      0000
__LidataBANK0                     idataBANK0   0000
__Lidloc                          idloc        0000
__Linit                           init         0000
__Linittext                       inittext     0000
__Lintentry                       intentry     0000
__Lmaintext                       maintext     0000
__Lpowerup                        powerup      0000
__Lram                            ram          0000
__Lreset_vec                      reset_vec    0000
__Lsfr0                           sfr0         0000
__Lsfr1                           sfr1         0000
__Lsfr2                           sfr2         0000
__Lsfr3                           sfr3         0000
__Lspace_0                        (abs)        0000
__Lspace_1                        (abs)        0000
__Lspace_2                        (abs)        0000
__Lspace_3                        (abs)        0000
__Lstack                          stack        0000
__Lstrings                        strings      0000
__Ltext                           text         0000
__S0                              (abs)        2008
__S1                              (abs)        007B
__S2                              (abs)        0000
__S3                              (abs)        0000
___int_sp                         stack        0000
___latbits                        (abs)        0002
___sp                             stack        0000
___stackhi                        (abs)        0000
___stacklo                        (abs)        0000
__end_of__initialization          cinit        07FC
__end_of__stringtab               strings      0013
__end_of_clcd_print               text5        06E9
__end_of_clcd_write               text6        068C
__end_of_init_clcd                text3        0643
__end_of_init_config              text2        0638
__end_of_init_display_controller  text4        0740
__end_of_main                     maintext     07EE
__end_of_strcmp                   text1        06BA
__initialization                  cinit        07EE
__pcstackBANK0                    cstackBANK0  0020
__pcstackCOMMON                   cstackCOMMON 0070
__pdataBANK0                      dataBANK0    003A
__pidataBANK0                     idataBANK0   0656
__pmaintext                       maintext     0740
__pstrings                        strings      0003
__ptext1                          text1        068C
__ptext2                          text2        0632
__ptext3                          text3        0638
__ptext4                          text4        06E9
__ptext5                          text5        06BA
__ptext6                          text6        066C
__size_of_clcd_print              (abs)        0000
__size_of_clcd_write              (abs)        0000
__size_of_init_clcd               (abs)        0000
__size_of_init_config             (abs)        0000
__size_of_init_display_controller (abs)        0000
__size_of_main                    (abs)        0000
__size_of_strcmp                  (abs)        0000
__stringbase                      strings      0012
__stringtab                       strings      0003
_clcd_print                       text5        06BA
_clcd_write                       text6        066C
_init_clcd                        text3        0638
_init_config                      text2        0632
_init_display_controller          text4        06E9
_main                             maintext     0740
_strcmp                           text1        068C
btemp                             (abs)        007E
clcd_print@addr                   cstackCOMMON 0076
clcd_print@str                    cstackCOMMON 0074
clcd_write@byte                   cstackCOMMON 0073
clcd_write@mode                   cstackCOMMON 0070
end_of_initialization             cinit        07FC
init_fetch0                       inittext     0643
init_ram0                         inittext     0647
intlevel0                         functab      0000
intlevel1                         functab      0000
intlevel2                         functab      0000
intlevel3                         functab      0000
intlevel4                         functab      0000
intlevel5                         functab      0000
main@F945                         dataBANK0    0045
main@F947                         dataBANK0    003A
main@data                         cstackBANK0  002D
main@data1                        cstackBANK0  0020
main@i                            cstackBANK0  0038
reset_vec                         reset_vec    0000
start                             init         0000
start_initialization              cinit        07EE
strcmp@r                          cstackCOMMON 0075
strcmp@s1                         cstackCOMMON 0076
strcmp@s2                         cstackCOMMON 0070
wtemp0                            (abs)        007E


FUNCTION INFORMATION:

 *************** function _main *****************
 Defined at:
		line 17 in file "/../home/ubuntu/MPLABXProjects/Assignments/A-19-DownConverter.X/main.c"
 Parameters:    Size  Location     Type
		None
 Auto vars:     Size  Location     Type
  i               2   24[BANK0 ] int 
  data           11   13[BANK0 ] unsigned char [11]
  data1          11    0[BANK0 ] unsigned char [11]
  wait            2    0        int 
 Return value:  Size  Location     Type
                  1    wreg      void 
 Registers used:
		wreg, fsr0l, fsr0h, status,2, status,0, btemp+1, pclath, cstack
 Tracked objects:
		On entry : 
		On exit  : 
		Unchanged: 
 Data sizes:     COMMON   BANK0   BANK1   BANK3   BANK2
      Params:         0       0       0       0       0
      Locals:         0      26       0       0       0
      Temps:          4       0       0       0       0
      Totals:         4      26       0       0       0
Total ram usage:       30 bytes
 Hardware stack levels required when called:    4
 This function calls:
		_clcd_print
		_init_config
		_strcmp
 This function is called by:
		Startup code after reset
 This function uses a non-reentrant model


 *************** function _strcmp *****************
 Defined at:
		line 33 in file "/opt/microchip/xc8/v2.10/pic/sources/c90/common/strcmp.c"
 Parameters:    Size  Location     Type
  s1              1    wreg     PTR const unsigned char 
		 -> main@data(11), 
  s2              1    0[COMMON] PTR const unsigned char 
		 -> STR_3(11), 
 Auto vars:     Size  Location     Type
  s1              1    6[COMMON] PTR const unsigned char 
		 -> main@data(11), 
  r               1    5[COMMON] char 
 Return value:  Size  Location     Type
                  2    0[COMMON] int 
 Registers used:
		wreg, fsr0l, fsr0h, status,2, status,0, pclath
 Tracked objects:
		On entry : 
		On exit  : 
		Unchanged: 
 Data sizes:     COMMON   BANK0   BANK1   BANK3   BANK2
      Params:         2       0       0       0       0
      Locals:         2       0       0       0       0
      Temps:          3       0       0       0       0
      Totals:         7       0       0       0       0
Total ram usage:        7 bytes
 Hardware stack levels used:    2
 This function calls:
		Nothing
 This function is called by:
		_main
 This function uses a non-reentrant model


 *************** function _init_config *****************
 Defined at:
		line 11 in file "/../home/ubuntu/MPLABXProjects/Assignments/A-19-DownConverter.X/main.c"
 Parameters:    Size  Location     Type
		None
 Auto vars:     Size  Location     Type
		None
 Return value:  Size  Location     Type
                  1    wreg      void 
 Registers used:
		wreg, status,2, status,0, pclath, cstack
 Tracked objects:
		On entry : 
		On exit  : 
		Unchanged: 
 Data sizes:     COMMON   BANK0   BANK1   BANK3   BANK2
      Params:         0       0       0       0       0
      Locals:         0       0       0       0       0
      Temps:          0       0       0       0       0
      Totals:         0       0       0       0       0
Total ram usage:        0 bytes
 Hardware stack levels used:    1
 Hardware stack levels required when called:    3
 This function calls:
		_init_clcd
 This function is called by:
		_main
 This function uses a non-reentrant model


 *************** function _init_clcd *****************
 Defined at:
		line 37 in file "/../home/ubuntu/MPLABXProjects/Assignments/A-19-DownConverter.X/clcd.c"
 Parameters:    Size  Location     Type
		None
 Auto vars:     Size  Location     Type
		None
 Return value:  Size  Location     Type
                  1    wreg      void 
 Registers used:
		wreg, status,2, status,0, pclath, cstack
 Tracked objects:
		On entry : 
		On exit  : 
		Unchanged: 
 Data sizes:     COMMON   BANK0   BANK1   BANK3   BANK2
      Params:         0       0       0       0       0
      Locals:         0       0       0       0       0
      Temps:          0       0       0       0       0
      Totals:         0       0       0       0       0
Total ram usage:        0 bytes
 Hardware stack levels used:    1
 Hardware stack levels required when called:    2
 This function calls:
		_init_display_controller
 This function is called by:
		_init_config
 This function uses a non-reentrant model


 *************** function _init_display_controller *****************
 Defined at:
		line 16 in file "/../home/ubuntu/MPLABXProjects/Assignments/A-19-DownConverter.X/clcd.c"
 Parameters:    Size  Location     Type
		None
 Auto vars:     Size  Location     Type
		None
 Return value:  Size  Location     Type
                  1    wreg      void 
 Registers used:
		wreg, status,2, status,0, pclath, cstack
 Tracked objects:
		On entry : 
		On exit  : 
		Unchanged: 
 Data sizes:     COMMON   BANK0   BANK1   BANK3   BANK2
      Params:         0       0       0       0       0
      Locals:         0       0       0       0       0
      Temps:          2       0       0       0       0
      Totals:         2       0       0       0       0
Total ram usage:        2 bytes
 Hardware stack levels used:    1
 Hardware stack levels required when called:    1
 This function calls:
		_clcd_write
 This function is called by:
		_init_clcd
 This function uses a non-reentrant model


 *************** function _clcd_print *****************
 Defined at:
		line 55 in file "/../home/ubuntu/MPLABXProjects/Assignments/A-19-DownConverter.X/clcd.c"
 Parameters:    Size  Location     Type
  str             2    4[COMMON] PTR const unsigned char 
		 -> STR_2(7), STR_1(17), main@data(11), 
  addr            1    6[COMMON] unsigned char 
 Auto vars:     Size  Location     Type
		None
 Return value:  Size  Location     Type
                  1    wreg      void 
 Registers used:
		wreg, fsr0l, fsr0h, status,2, status,0, btemp+1, pclath, cstack
 Tracked objects:
		On entry : 
		On exit  : 
		Unchanged: 
 Data sizes:     COMMON   BANK0   BANK1   BANK3   BANK2
      Params:         3       0       0       0       0
      Locals:         0       0       0       0       0
      Temps:          0       0       0       0       0
      Totals:         3       0       0       0       0
Total ram usage:        3 bytes
 Hardware stack levels used:    1
 Hardware stack levels required when called:    1
 This function calls:
		_clcd_write
 This function is called by:
		_main
 This function uses a non-reentrant model


 *************** function _clcd_write *****************
 Defined at:
		line 4 in file "/../home/ubuntu/MPLABXProjects/Assignments/A-19-DownConverter.X/clcd.c"
 Parameters:    Size  Location     Type
  byte            1    wreg     unsigned char 
  mode            1    0[COMMON] unsigned char 
 Auto vars:     Size  Location     Type
  byte            1    3[COMMON] unsigned char 
 Return value:  Size  Location     Type
                  1    wreg      void 
 Registers used:
		wreg
 Tracked objects:
		On entry : 
		On exit  : 
		Unchanged: 
 Data sizes:     COMMON   BANK0   BANK1   BANK3   BANK2
      Params:         1       0       0       0       0
      Locals:         1       0       0       0       0
      Temps:          2       0       0       0       0
      Totals:         4       0       0       0       0
Total ram usage:        4 bytes
 Hardware stack levels used:    1
 This function calls:
		Nothing
 This function is called by:
		_init_display_controller
		_clcd_print
 This function uses a non-reentrant model



MODULE INFORMATION

Module		Function		Class		Link	Load	Size
/../home/ubuntu/MPLABXProjects/Assignments/A-19-DownConverter.X/main.c
		_main          		CODE           	0740	0000	175
		_init_config   		CODE           	0632	0000	7

/../home/ubuntu/MPLABXProjects/Assignments/A-19-DownConverter.X/main.c estimated size: 182

shared
		__stringtab    		STRING         	0003	0000	17
		__initialization		CODE           	07EE	0000	15

shared estimated size: 32

/opt/microchip/xc8/v2.10/pic/sources/c90/common/strcmp.c
		_strcmp        		CODE           	068C	0000	47

/opt/microchip/xc8/v2.10/pic/sources/c90/common/strcmp.c estimated size: 47

/../home/ubuntu/MPLABXProjects/Assignments/A-19-DownConverter.X/clcd.c
		_clcd_write    		CODE           	066C	0000	33
		_clcd_print    		CODE           	06BA	0000	48
		_init_display_controller		CODE           	06E9	0000	88
		_init_clcd     		CODE           	0638	0000	12

/../home/ubuntu/MPLABXProjects/Assignments/A-19-DownConverter.X/clcd.c estimated size: 181

