Microchip MPLAB XC8 Compiler V2.10 ()

Linker command line:

-W-3 --edf=/opt/microchip/xc8/v2.10/pic/dat/en_msgs.txt -cs \
  -h+dist/default/production/25-8_Field_password_acess.X.production.sym \
  --cmf=dist/default/production/25-8_Field_password_acess.X.production.cmf \
  -z -Q16F877A -o/tmp/xcXmS3WSL --defsym=__MPLAB_BUILD=1 \
  -Mdist/default/production/25-8_Field_password_acess.X.production.map -E1 \
  -ver=XC8 --acfsm=1493 -ASTACK=0110h-016Fh -pstack=STACK \
  -ACODE=00h-07FFhx4 -ASTRCODE=00h-01FFFh -ASTRING=00h-0FFhx32 \
  -ACONST=00h-0FFhx32 -AENTRY=00h-0FFhx32 -ACOMMON=070h-07Fh \
  -ABANK0=020h-06Fh -ABANK1=0A0h-0EFh -ABANK2=0110h-016Fh \
  -ABANK3=0190h-01EFh -ARAM=020h-06Fh,0A0h-0EFh,0110h-016Fh,0190h-01EFh \
  -AABS1=020h-07Fh,0A0h-0EFh,0110h-016Fh,0190h-01EFh -ASFR0=00h-01Fh \
  -ASFR1=080h-09Fh -ASFR2=0100h-010Fh -ASFR3=0180h-018Fh \
  -preset_vec=00h,intentry,init,end_init -ppowerup=CODE -pcinit=CODE \
  -pfunctab=ENTRY -ACONFIG=02007h-02007h -pconfig=CONFIG -DCONFIG=2 \
  -AIDLOC=02000h-02003h -pidloc=IDLOC -DIDLOC=2 -AEEDATA=00h-0FFh/02100h \
  -peeprom_data=EEDATA -DEEDATA=2 -DCODE=2 -DSTRCODE=2 -DSTRING=2 -DCONST=2 \
  -DENTRY=2 -k /tmp/xcXRiFovL.o \
  dist/default/production/25-8_Field_password_acess.X.production.o 

Object code version is 3.11

Machine type is 16F877A



                Name                               Link     Load   Length Selector   Space Scale
/tmp/xcXRiFovL.o
                end_init                              0        0        3        0       0
                config                             2007     2007        1     400E       0
dist/default/production/25-8_Field_password_acess.X.production.o
                cinit                               7E6      7E6       1A      FCC       0
                text13                              5A2      5A2       36      B44       0
                text12                              523      523       28      A46       0
                text11                              49C      49C       11      938       0
                text10                              5D8      5D8       63      BB0       0
                text9                               475      475        B      8EA       0
                text8                               48D      48D        F      91A       0
                text7                               480      480        D      900       0
                text6                               4C0      4C0       18      980       0
                text5                               4D8      4D8       25      9B0       0
                text4                               4FD      4FD       26      9FA       0
                text3                               63B      63B       7F      C76       0
                text2                               54B      54B       29      A96       0
                text1                               574      574       2E      AE8       0
                maintext                            6BA      6BA      12C      D74       0
                cstackCOMMON                         70       70        E       70       1
                clrtext                             46D      46D        8      8DA       0
                inittext                            4AD      4AD       13      95A       0
                dataBANK0                            33       33        7       20       1
                bssBANK0                             20       20       13       20       1
                strings                               3        3       75        6       0
                idataBANK0                          466      466        7      8CC       0

TOTAL           Name                               Link     Load   Length     Space
        CLASS   STACK          

        CLASS   CODE           
                end_init                              0        0        3         0
                cinit                               7E6      7E6       1A         0
                text13                              5A2      5A2       36         0
                text12                              523      523       28         0
                text11                              49C      49C       11         0
                text10                              5D8      5D8       63         0
                text9                               475      475        B         0
                text8                               48D      48D        F         0
                text7                               480      480        D         0
                text6                               4C0      4C0       18         0
                text5                               4D8      4D8       25         0
                text4                               4FD      4FD       26         0
                text3                               63B      63B       7F         0
                text2                               54B      54B       29         0
                text1                               574      574       2E         0
                maintext                            6BA      6BA      12C         0
                clrtext                             46D      46D        8         0
                inittext                            4AD      4AD       13         0
                idataBANK0                          466      466        7         0

        CLASS   STRCODE        

        CLASS   STRING         
                strings                               3        3       75         0

        CLASS   CONST          

        CLASS   ENTRY          

        CLASS   COMMON         
                cstackCOMMON                         70       70        E         1

        CLASS   BANK0          
                dataBANK0                            33       33        7         1
                bssBANK0                             20       20       13         1

        CLASS   BANK1          

        CLASS   BANK2          

        CLASS   BANK3          

        CLASS   RAM            

        CLASS   ABS1           
                abs_s1                               7E       7E        2         1

        CLASS   SFR0           

        CLASS   SFR1           

        CLASS   SFR2           

        CLASS   SFR3           

        CLASS   CONFIG         
                config                             2007     2007        1         0

        CLASS   IDLOC          

        CLASS   EEDATA         



SEGMENTS        Name                           Load    Length   Top    Selector   Space  Class     Delta

                reset_vec                      000000  000003  000003         0       0  CODE        2
                strings                        000003  000075  000078         6       0  STRING      2
                bssBANK0                       000020  00001A  00003A        20       1  BANK0       1
                cstackCOMMON                   000070  00000E  00007E        70       1  COMMON      1
                idataBANK0                     000466  000007  00046D       8CC       0  CODE        2
                clrtext                        00046D  000008  000475       8DA       0  CODE        2
                text9                          000475  00000B  000480       8EA       0  CODE        2
                text7                          000480  00000D  00048D       900       0  CODE        2
                text8                          00048D  00000F  00049C       91A       0  CODE        2
                text11                         00049C  000011  0004AD       938       0  CODE        2
                inittext                       0004AD  000013  0004C0       95A       0  CODE        2
                text6                          0004C0  000018  0004D8       980       0  CODE        2
                text5                          0004D8  000025  0004FD       9B0       0  CODE        2
                text4                          0004FD  000026  000523       9FA       0  CODE        2
                text12                         000523  000028  00054B       A46       0  CODE        2
                text2                          00054B  000029  000574       A96       0  CODE        2
                text1                          000574  00002E  0005A2       AE8       0  CODE        2
                text13                         0005A2  000036  0005D8       B44       0  CODE        2
                text10                         0005D8  000063  00063B       BB0       0  CODE        2
                text3                          00063B  00007F  0006BA       C76       0  CODE        2
                maintext                       0006BA  00012C  0007E6       D74       0  CODE        2
                cinit                          0007E6  00001A  000800       FCC       0  CODE        2
                config                         002007  000001  002008      400E       0  CONFIG      2


UNUSED ADDRESS RANGES

        Name                Unused          Largest block    Delta
        BANK0            003A-006F             36           1
        BANK1            00A0-00EF             50           1
        BANK2            0110-016F             60           1
        BANK3            0190-01EF             60           1
        CODE             0078-0465            3EE           2
                         0800-1FFF            800
        CONST            0078-0465            100           2
                         0800-1FFF            100
        EEDATA           2100-21FF            100           2
        ENTRY            0078-0465            100           2
                         0800-1FFF            100
        IDLOC            2000-2003              4           2
        RAM              003A-006F             36           1
                         00A0-00EF             50
                         0110-016F             60
                         0190-01EF             60
        SFR0             0000-001F             20           1
        SFR1             0080-009F             20           1
        SFR2             0100-010F             10           1
        SFR3             0180-018F             10           1
        STACK            0110-016F             60           1
        STRCODE          0078-0465            3EE           2
                         0800-1FFF           1800
        STRING           0078-0465            100           2
                         0800-1FFF            100

                                  Symbol Table

?___wmul                          cstackCOMMON 0070
?_strcmp                          cstackCOMMON 0070
_GIE                              (abs)        005F
_PEIE                             (abs)        005E
_PORTD                            (abs)        0008
_PR2                              (abs)        0092
_RB0                              (abs)        0030
_RB1                              (abs)        0031
_RB2                              (abs)        0032
_RB7                              (abs)        0037
_RD1                              (abs)        0041
_RD2                              (abs)        0042
_RD3                              (abs)        0043
_RE1                              (abs)        0049
_RE2                              (abs)        004A
_T2CKPS0                          (abs)        0090
_T2CKPS1                          (abs)        0091
_TMR2IE                           (abs)        0461
_TMR2ON                           (abs)        0092
_TRISB                            (abs)        0086
_TRISB7                           (abs)        0437
_TRISD                            (abs)        0088
_TRISE1                           (abs)        0449
_TRISE2                           (abs)        044A
__CFG_WDTE$OFF                    (abs)        0000
__Habs1                           abs1         0000
__Hbank0                          bank0        0000
__Hbank1                          bank1        0000
__Hbank2                          bank2        0000
__Hbank3                          bank3        0000
__HbssBANK0                       bssBANK0     0000
__Hcinit                          cinit        0800
__Hclrtext                        clrtext      0000
__Hcode                           code         0000
__Hcommon                         common       0000
__Hconfig                         config       2008
__HcstackCOMMON                   cstackCOMMON 0000
__HdataBANK0                      dataBANK0    0000
__Heeprom_data                    eeprom_data  0000
__Hend_init                       end_init     0003
__Hfunctab                        functab      0000
__HidataBANK0                     idataBANK0   0000
__Hidloc                          idloc        0000
__Hinit                           init         0000
__Hinittext                       inittext     0000
__Hintentry                       intentry     0000
__Hmaintext                       maintext     0000
__Hpowerup                        powerup      0000
__Hram                            ram          0000
__Hreset_vec                      reset_vec    0000
__Hsfr0                           sfr0         0000
__Hsfr1                           sfr1         0000
__Hsfr2                           sfr2         0000
__Hsfr3                           sfr3         0000
__Hspace_0                        (abs)        2008
__Hspace_1                        (abs)        007E
__Hspace_2                        (abs)        0000
__Hspace_3                        (abs)        0000
__Hstack                          stack        0000
__Hstrings                        strings      0000
__Htext                           text         0000
__Labs1                           abs1         0000
__Lbank0                          bank0        0000
__Lbank1                          bank1        0000
__Lbank2                          bank2        0000
__Lbank3                          bank3        0000
__LbssBANK0                       bssBANK0     0000
__Lcinit                          cinit        07E6
__Lclrtext                        clrtext      0000
__Lcode                           code         0000
__Lcommon                         common       0000
__Lconfig                         config       2007
__LcstackCOMMON                   cstackCOMMON 0000
__LdataBANK0                      dataBANK0    0000
__Leeprom_data                    eeprom_data  0000
__Lend_init                       end_init     0000
__Lfunctab                        functab      0000
__LidataBANK0                     idataBANK0   0000
__Lidloc                          idloc        0000
__Linit                           init         0000
__Linittext                       inittext     0000
__Lintentry                       intentry     0000
__Lmaintext                       maintext     0000
__Lpowerup                        powerup      0000
__Lram                            ram          0000
__Lreset_vec                      reset_vec    0000
__Lsfr0                           sfr0         0000
__Lsfr1                           sfr1         0000
__Lsfr2                           sfr2         0000
__Lsfr3                           sfr3         0000
__Lspace_0                        (abs)        0000
__Lspace_1                        (abs)        0000
__Lspace_2                        (abs)        0000
__Lspace_3                        (abs)        0000
__Lstack                          stack        0000
__Lstrings                        strings      0000
__Ltext                           text         0000
__S0                              (abs)        2008
__S1                              (abs)        007E
__S2                              (abs)        0000
__S3                              (abs)        0000
___int_sp                         stack        0000
___latbits                        (abs)        0002
___sp                             stack        0000
___stackhi                        (abs)        0000
___stacklo                        (abs)        0000
___wmul                           text5        04D8
___wmul@multiplicand              cstackCOMMON 0072
___wmul@multiplier                cstackCOMMON 0070
___wmul@product                   cstackCOMMON 0074
__end_of___wmul                   text5        04FD
__end_of__initialization          cinit        07FC
__end_of__stringtab               strings      0009
__end_of_clcd_print               text12       054B
__end_of_clcd_putch               text11       04AD
__end_of_clcd_write               text13       05D8
__end_of_init_clcd                text9        0480
__end_of_init_config              text6        04D8
__end_of_init_display_controller  text10       063B
__end_of_init_matrix_keypad       text8        049C
__end_of_init_timer2              text7        048D
__end_of_ledblink                 text4        0523
__end_of_main                     maintext     07E6
__end_of_read_matrix_keypad       text2        0574
__end_of_scan_keypad              text3        06BA
__end_of_strcmp                   text1        05A2
__initialization                  cinit        07E6
__pbssBANK0                       bssBANK0     0020
__pcstackCOMMON                   cstackCOMMON 0070
__pdataBANK0                      dataBANK0    0033
__pidataBANK0                     idataBANK0   0466
__pmaintext                       maintext     06BA
__pstrings                        strings      0003
__ptext1                          text1        0574
__ptext10                         text10       05D8
__ptext11                         text11       049C
__ptext12                         text12       0523
__ptext13                         text13       05A2
__ptext2                          text2        054B
__ptext3                          text3        063B
__ptext4                          text4        04FD
__ptext5                          text5        04D8
__ptext6                          text6        04C0
__ptext7                          text7        0480
__ptext8                          text8        048D
__ptext9                          text9        0475
__size_of___wmul                  (abs)        0000
__size_of_clcd_print              (abs)        0000
__size_of_clcd_putch              (abs)        0000
__size_of_clcd_write              (abs)        0000
__size_of_init_clcd               (abs)        0000
__size_of_init_config             (abs)        0000
__size_of_init_display_controller (abs)        0000
__size_of_init_matrix_keypad      (abs)        0000
__size_of_init_timer2             (abs)        0000
__size_of_ledblink                (abs)        0000
__size_of_main                    (abs)        0000
__size_of_read_matrix_keypad      (abs)        0000
__size_of_scan_keypad             (abs)        0000
__size_of_strcmp                  (abs)        0000
__stringbase                      strings      0008
__stringtab                       strings      0003
_chance                           dataBANK0    0033
_clcd_print                       text12       0523
_clcd_putch                       text11       049C
_clcd_write                       text13       05A2
_i                                dataBANK0    0035
_init_clcd                        text9        0475
_init_config                      text6        04C0
_init_display_controller          text10       05D8
_init_matrix_keypad               text8        048D
_init_timer2                      text7        0480
_initial                          dataBANK0    0038
_ledblink                         text4        04FD
_main                             maintext     06BA
_nRBPU                            (abs)        040F
_read_matrix_keypad               text2        054B
_scan_keypad                      text3        063B
_strcmp                           text1        0574
_user                             bssBANK0     0029
btemp                             (abs)        007E
clcd_print@addr                   cstackCOMMON 0074
clcd_print@str                    cstackCOMMON 0076
clcd_putch@addr                   cstackCOMMON 0074
clcd_putch@data                   cstackCOMMON 0075
clcd_write@byte                   cstackCOMMON 0073
clcd_write@mode                   cstackCOMMON 0070
clear_ram0                        clrtext      046D
end_of_initialization             cinit        07FC
init_fetch0                       inittext     04AD
init_ram0                         inittext     04B1
intlevel0                         functab      0000
intlevel1                         functab      0000
intlevel2                         functab      0000
intlevel3                         functab      0000
intlevel4                         functab      0000
intlevel5                         functab      0000
ledblink@chance                   cstackCOMMON 0076
ledblink@wait                     bssBANK0     0020
main@j                            cstackCOMMON 007C
main@key                          cstackCOMMON 007B
main@wait                         cstackCOMMON 0079
read_matrix_keypad@key            cstackCOMMON 0074
read_matrix_keypad@mode           cstackCOMMON 0073
read_matrix_keypad@once           dataBANK0    0037
reset_vec                         reset_vec    0000
scan_keypad@i                     cstackCOMMON 0070
start                             init         0000
start_initialization              cinit        07E6
strcmp@r                          cstackCOMMON 0075
strcmp@s1                         cstackCOMMON 0076
strcmp@s2                         cstackCOMMON 0070
wtemp0                            (abs)        007E


FUNCTION INFORMATION:

 *************** function _main *****************
 Defined at:
		line 44 in file "main.c"
 Parameters:    Size  Location     Type
		None
 Auto vars:     Size  Location     Type
  j               2   12[COMMON] unsigned int 
  wait            2    9[COMMON] unsigned int 
  key             1   11[COMMON] unsigned char 
 Return value:  Size  Location     Type
                  1    wreg      void 
 Registers used:
		wreg, fsr0l, fsr0h, status,2, status,0, btemp+1, pclath, cstack
 Tracked objects:
		On entry : 
		On exit  : 
		Unchanged: 
 Data sizes:     COMMON   BANK0   BANK1   BANK3   BANK2
      Params:         0       0       0       0       0
      Locals:         5       0       0       0       0
      Temps:          1       0       0       0       0
      Totals:         6       0       0       0       0
Total ram usage:        6 bytes
 Hardware stack levels required when called:    4
 This function calls:
		_clcd_print
		_clcd_putch
		_init_config
		_ledblink
		_read_matrix_keypad
		_strcmp
 This function is called by:
		Startup code after reset
 This function uses a non-reentrant model


 *************** function _strcmp *****************
 Defined at:
		line 33 in file "/opt/microchip/xc8/v2.10/pic/sources/c90/common/strcmp.c"
 Parameters:    Size  Location     Type
  s1              1    wreg     PTR const unsigned char 
		 -> user(10), 
  s2              1    0[COMMON] PTR const unsigned char 
		 -> STR_1(9), 
 Auto vars:     Size  Location     Type
  s1              1    6[COMMON] PTR const unsigned char 
		 -> user(10), 
  r               1    5[COMMON] char 
 Return value:  Size  Location     Type
                  2    0[COMMON] int 
 Registers used:
		wreg, fsr0l, fsr0h, status,2, status,0, pclath
 Tracked objects:
		On entry : 
		On exit  : 
		Unchanged: 
 Data sizes:     COMMON   BANK0   BANK1   BANK3   BANK2
      Params:         2       0       0       0       0
      Locals:         2       0       0       0       0
      Temps:          3       0       0       0       0
      Totals:         7       0       0       0       0
Total ram usage:        7 bytes
 Hardware stack levels used:    2
 This function calls:
		Nothing
 This function is called by:
		_main
 This function uses a non-reentrant model


 *************** function _read_matrix_keypad *****************
 Defined at:
		line 89 in file "matrix_keypad.c"
 Parameters:    Size  Location     Type
  mode            1    wreg     unsigned char 
 Auto vars:     Size  Location     Type
  mode            1    3[COMMON] unsigned char 
  key             1    4[COMMON] unsigned char 
 Return value:  Size  Location     Type
                  1    wreg      unsigned char 
 Registers used:
		wreg, status,2, status,0, pclath, cstack
 Tracked objects:
		On entry : 
		On exit  : 
		Unchanged: 
 Data sizes:     COMMON   BANK0   BANK1   BANK3   BANK2
      Params:         0       0       0       0       0
      Locals:         2       0       0       0       0
      Temps:          1       0       0       0       0
      Totals:         3       0       0       0       0
Total ram usage:        3 bytes
 Hardware stack levels used:    1
 Hardware stack levels required when called:    1
 This function calls:
		_scan_keypad
 This function is called by:
		_main
 This function uses a non-reentrant model


 *************** function _scan_keypad *****************
 Defined at:
		line 21 in file "matrix_keypad.c"
 Parameters:    Size  Location     Type
		None
 Auto vars:     Size  Location     Type
  i               2    0[COMMON] int 
 Return value:  Size  Location     Type
                  1    wreg      unsigned char 
 Registers used:
		wreg, status,2, status,0
 Tracked objects:
		On entry : 
		On exit  : 
		Unchanged: 
 Data sizes:     COMMON   BANK0   BANK1   BANK3   BANK2
      Params:         0       0       0       0       0
      Locals:         2       0       0       0       0
      Temps:          0       0       0       0       0
      Totals:         2       0       0       0       0
Total ram usage:        2 bytes
 Hardware stack levels used:    1
 This function calls:
		Nothing
 This function is called by:
		_read_matrix_keypad
 This function uses a non-reentrant model


 *************** function _ledblink *****************
 Defined at:
		line 24 in file "main.c"
 Parameters:    Size  Location     Type
  chance          2    6[COMMON] int 
 Auto vars:     Size  Location     Type
		None
 Return value:  Size  Location     Type
                  1    wreg      void 
 Registers used:
		wreg, status,2, status,0, pclath, cstack
 Tracked objects:
		On entry : 
		On exit  : 
		Unchanged: 
 Data sizes:     COMMON   BANK0   BANK1   BANK3   BANK2
      Params:         2       0       0       0       0
      Locals:         0       0       0       0       0
      Temps:          0       0       0       0       0
      Totals:         2       0       0       0       0
Total ram usage:        2 bytes
 Hardware stack levels used:    1
 Hardware stack levels required when called:    1
 This function calls:
		___wmul
 This function is called by:
		_main
 This function uses a non-reentrant model


 *************** function ___wmul *****************
 Defined at:
		line 15 in file "/opt/microchip/xc8/v2.10/pic/sources/c90/common/Umul16.c"
 Parameters:    Size  Location     Type
  multiplier      2    0[COMMON] unsigned int 
  multiplicand    2    2[COMMON] unsigned int 
 Auto vars:     Size  Location     Type
  product         2    4[COMMON] unsigned int 
 Return value:  Size  Location     Type
                  2    0[COMMON] unsigned int 
 Registers used:
		wreg, status,2, status,0
 Tracked objects:
		On entry : 
		On exit  : 
		Unchanged: 
 Data sizes:     COMMON   BANK0   BANK1   BANK3   BANK2
      Params:         4       0       0       0       0
      Locals:         2       0       0       0       0
      Temps:          0       0       0       0       0
      Totals:         6       0       0       0       0
Total ram usage:        6 bytes
 Hardware stack levels used:    1
 This function calls:
		Nothing
 This function is called by:
		_ledblink
 This function uses a non-reentrant model


 *************** function _init_config *****************
 Defined at:
		line 34 in file "main.c"
 Parameters:    Size  Location     Type
		None
 Auto vars:     Size  Location     Type
		None
 Return value:  Size  Location     Type
                  1    wreg      void 
 Registers used:
		wreg, status,2, status,0, pclath, cstack
 Tracked objects:
		On entry : 
		On exit  : 
		Unchanged: 
 Data sizes:     COMMON   BANK0   BANK1   BANK3   BANK2
      Params:         0       0       0       0       0
      Locals:         0       0       0       0       0
      Temps:          0       0       0       0       0
      Totals:         0       0       0       0       0
Total ram usage:        0 bytes
 Hardware stack levels used:    1
 Hardware stack levels required when called:    3
 This function calls:
		_init_clcd
		_init_matrix_keypad
		_init_timer2
 This function is called by:
		_main
 This function uses a non-reentrant model


 *************** function _init_timer2 *****************
 Defined at:
		line 3 in file "Timers.c"
 Parameters:    Size  Location     Type
		None
 Auto vars:     Size  Location     Type
		None
 Return value:  Size  Location     Type
                  1    wreg      void 
 Registers used:
		wreg
 Tracked objects:
		On entry : 
		On exit  : 
		Unchanged: 
 Data sizes:     COMMON   BANK0   BANK1   BANK3   BANK2
      Params:         0       0       0       0       0
      Locals:         0       0       0       0       0
      Temps:          0       0       0       0       0
      Totals:         0       0       0       0       0
Total ram usage:        0 bytes
 Hardware stack levels used:    1
 This function calls:
		Nothing
 This function is called by:
		_init_config
 This function uses a non-reentrant model


 *************** function _init_matrix_keypad *****************
 Defined at:
		line 4 in file "matrix_keypad.c"
 Parameters:    Size  Location     Type
		None
 Auto vars:     Size  Location     Type
		None
 Return value:  Size  Location     Type
                  1    wreg      void 
 Registers used:
		wreg, status,2
 Tracked objects:
		On entry : 
		On exit  : 
		Unchanged: 
 Data sizes:     COMMON   BANK0   BANK1   BANK3   BANK2
      Params:         0       0       0       0       0
      Locals:         0       0       0       0       0
      Temps:          0       0       0       0       0
      Totals:         0       0       0       0       0
Total ram usage:        0 bytes
 Hardware stack levels used:    1
 This function calls:
		Nothing
 This function is called by:
		_init_config
 This function uses a non-reentrant model


 *************** function _init_clcd *****************
 Defined at:
		line 44 in file "clcd.c"
 Parameters:    Size  Location     Type
		None
 Auto vars:     Size  Location     Type
		None
 Return value:  Size  Location     Type
                  1    wreg      void 
 Registers used:
		wreg, status,2, status,0, pclath, cstack
 Tracked objects:
		On entry : 
		On exit  : 
		Unchanged: 
 Data sizes:     COMMON   BANK0   BANK1   BANK3   BANK2
      Params:         0       0       0       0       0
      Locals:         0       0       0       0       0
      Temps:          0       0       0       0       0
      Totals:         0       0       0       0       0
Total ram usage:        0 bytes
 Hardware stack levels used:    1
 Hardware stack levels required when called:    2
 This function calls:
		_init_display_controller
 This function is called by:
		_init_config
 This function uses a non-reentrant model


 *************** function _init_display_controller *****************
 Defined at:
		line 21 in file "clcd.c"
 Parameters:    Size  Location     Type
		None
 Auto vars:     Size  Location     Type
		None
 Return value:  Size  Location     Type
                  1    wreg      void 
 Registers used:
		wreg, status,2, status,0, pclath, cstack
 Tracked objects:
		On entry : 
		On exit  : 
		Unchanged: 
 Data sizes:     COMMON   BANK0   BANK1   BANK3   BANK2
      Params:         0       0       0       0       0
      Locals:         0       0       0       0       0
      Temps:          2       0       0       0       0
      Totals:         2       0       0       0       0
Total ram usage:        2 bytes
 Hardware stack levels used:    1
 Hardware stack levels required when called:    1
 This function calls:
		_clcd_write
 This function is called by:
		_init_clcd
 This function uses a non-reentrant model


 *************** function _clcd_putch *****************
 Defined at:
		line 56 in file "clcd.c"
 Parameters:    Size  Location     Type
  data            1    wreg     const unsigned char 
  addr            1    4[COMMON] unsigned char 
 Auto vars:     Size  Location     Type
  data            1    5[COMMON] const unsigned char 
 Return value:  Size  Location     Type
                  1    wreg      void 
 Registers used:
		wreg, status,2, status,0, pclath, cstack
 Tracked objects:
		On entry : 
		On exit  : 
		Unchanged: 
 Data sizes:     COMMON   BANK0   BANK1   BANK3   BANK2
      Params:         1       0       0       0       0
      Locals:         1       0       0       0       0
      Temps:          0       0       0       0       0
      Totals:         2       0       0       0       0
Total ram usage:        2 bytes
 Hardware stack levels used:    1
 Hardware stack levels required when called:    1
 This function calls:
		_clcd_write
 This function is called by:
		_main
 This function uses a non-reentrant model


 *************** function _clcd_print *****************
 Defined at:
		line 62 in file "clcd.c"
 Parameters:    Size  Location     Type
  str             1    wreg     PTR const unsigned char 
		 -> STR_7(17), STR_6(17), STR_5(17), STR_4(17), 
		 -> STR_3(17), STR_2(17), 
  addr            1    4[COMMON] unsigned char 
 Auto vars:     Size  Location     Type
  str             1    6[COMMON] PTR const unsigned char 
		 -> STR_7(17), STR_6(17), STR_5(17), STR_4(17), 
		 -> STR_3(17), STR_2(17), 
 Return value:  Size  Location     Type
                  1    wreg      void 
 Registers used:
		wreg, fsr0l, fsr0h, status,2, status,0, pclath, cstack
 Tracked objects:
		On entry : 
		On exit  : 
		Unchanged: 
 Data sizes:     COMMON   BANK0   BANK1   BANK3   BANK2
      Params:         1       0       0       0       0
      Locals:         1       0       0       0       0
      Temps:          1       0       0       0       0
      Totals:         3       0       0       0       0
Total ram usage:        3 bytes
 Hardware stack levels used:    1
 Hardware stack levels required when called:    1
 This function calls:
		_clcd_write
 This function is called by:
		_main
 This function uses a non-reentrant model


 *************** function _clcd_write *****************
 Defined at:
		line 4 in file "clcd.c"
 Parameters:    Size  Location     Type
  byte            1    wreg     unsigned char 
  mode            1    0[COMMON] unsigned char 
 Auto vars:     Size  Location     Type
  byte            1    3[COMMON] unsigned char 
 Return value:  Size  Location     Type
                  1    wreg      void 
 Registers used:
		wreg, status,2, status,0
 Tracked objects:
		On entry : 
		On exit  : 
		Unchanged: 
 Data sizes:     COMMON   BANK0   BANK1   BANK3   BANK2
      Params:         1       0       0       0       0
      Locals:         1       0       0       0       0
      Temps:          2       0       0       0       0
      Totals:         4       0       0       0       0
Total ram usage:        4 bytes
 Hardware stack levels used:    1
 This function calls:
		Nothing
 This function is called by:
		_init_display_controller
		_clcd_putch
		_clcd_print
 This function uses a non-reentrant model



MODULE INFORMATION

Module		Function		Class		Link	Load	Size
matrix_keypad.c
		_init_matrix_keypad		CODE           	048D	0000	16
		_read_matrix_keypad		CODE           	054B	0000	42
		_scan_keypad   		CODE           	063B	0000	128

matrix_keypad.c estimated size: 186

/opt/microchip/xc8/v2.10/pic/sources/c90/common/Umul16.c
		___wmul        		CODE           	04D8	0000	38

/opt/microchip/xc8/v2.10/pic/sources/c90/common/Umul16.c estimated size: 38

Timers.c
		_init_timer2   		CODE           	0480	0000	14

Timers.c estimated size: 14

shared
		__stringtab    		STRING         	0003	0000	7
		__initialization		CODE           	07E6	0000	23

shared estimated size: 30

clcd.c
		_clcd_write    		CODE           	05A2	0000	55
		_clcd_print    		CODE           	0523	0000	41
		_clcd_putch    		CODE           	049C	0000	18
		_init_display_controller		CODE           	05D8	0000	100
		_init_clcd     		CODE           	0475	0000	12

clcd.c estimated size: 226

/opt/microchip/xc8/v2.10/pic/sources/c90/common/strcmp.c
		_strcmp        		CODE           	0574	0000	47

/opt/microchip/xc8/v2.10/pic/sources/c90/common/strcmp.c estimated size: 47

main.c
		_main          		CODE           	06BA	0000	301
		_ledblink      		CODE           	04FD	0000	39
		_init_config   		CODE           	04C0	0000	25

main.c estimated size: 365

