Microchip MPLAB XC8 Compiler V2.10 ()

Linker command line:

-W-3 --edf=/opt/microchip/xc8/v2.10/pic/dat/en_msgs.txt -cs \
  -h+dist/default/production/29-LEd_dimmer_LEVEL.X.production.sym \
  --cmf=dist/default/production/29-LEd_dimmer_LEVEL.X.production.cmf -z \
  -Q16F877A -o/tmp/xcXa7fhis --defsym=__MPLAB_BUILD=1 \
  -Mdist/default/production/29-LEd_dimmer_LEVEL.X.production.map -E1 \
  -ver=XC8 --acfsm=1493 -ASTACK=0110h-016Fh -pstack=STACK \
  -ACODE=00h-07FFhx4 -ASTRCODE=00h-01FFFh -ASTRING=00h-0FFhx32 \
  -ACONST=00h-0FFhx32 -AENTRY=00h-0FFhx32 -ACOMMON=070h-07Fh \
  -ABANK0=020h-06Fh -ABANK1=0A0h-0EFh -ABANK2=0110h-016Fh \
  -ABANK3=0190h-01EFh -ARAM=020h-06Fh,0A0h-0EFh,0110h-016Fh,0190h-01EFh \
  -AABS1=020h-07Fh,0A0h-0EFh,0110h-016Fh,0190h-01EFh -ASFR0=00h-01Fh \
  -ASFR1=080h-09Fh -ASFR2=0100h-010Fh -ASFR3=0180h-018Fh \
  -preset_vec=00h,intentry=04h,init,end_init -ppowerup=CODE -pcinit=CODE \
  -pfunctab=ENTRY -ACONFIG=02007h-02007h -pconfig=CONFIG -DCONFIG=2 \
  -AIDLOC=02000h-02003h -pidloc=IDLOC -DIDLOC=2 -AEEDATA=00h-0FFh/02100h \
  -peeprom_data=EEDATA -DEEDATA=2 -DCODE=2 -DSTRCODE=2 -DSTRING=2 -DCONST=2 \
  -DENTRY=2 -k /tmp/xcXs8hcyM.o \
  dist/default/production/29-LEd_dimmer_LEVEL.X.production.o 

Object code version is 3.11

Machine type is 16F877A



                Name                               Link     Load   Length Selector   Space Scale
/tmp/xcXs8hcyM.o
                end_init                              C        C        3        8       0
                reset_vec                             0        0        3        0       0
                config                             2007     2007        1     400E       0
dist/default/production/29-LEd_dimmer_LEVEL.X.production.o
                cinit                                 F        F       10        8       0
                intentry                              4        4        8        8       0
                text12                              15D      15D       2D        8       0
                text11                               F7       F7       38        8       0
                text10                              12F      12F       2E        8       0
                text9                                1F       1F       71        8       0
                text8                               260      260        B      466       0
                text7                               255      255        B      466       0
                text6                               248      248        D      466       0
                text5                               1DE      1DE       24        8       0
                text4                               18A      18A       2B        8       0
                text3                               1B5      1B5       29        8       0
                text2                               233      233       15      466       0
                text1                                90       90       67        8       0
                maintext                            202      202       1A        8       0
                cstackBANK0                          20       20        9       20       1
                cstackCOMMON                         70       70        7       70       1
                bssBANK0                             29       29        4       20       1
                dataCOMMON                           79       79        1       70       1
                bssCOMMON                            77       77        2       70       1
                strings                             21C      21C       17      438       0
                idataCOMMON                         26B      26B        1      466       0

TOTAL           Name                               Link     Load   Length     Space
        CLASS   STACK          

        CLASS   CODE           
                end_init                              C        C        3         0
                cinit                                 F        F       10         0
                intentry                              4        4        8         0
                reset_vec                             0        0        3         0
                text12                              15D      15D       2D         0
                text11                               F7       F7       38         0
                text10                              12F      12F       2E         0
                text9                                1F       1F       71         0
                text8                               260      260        B         0
                text7                               255      255        B         0
                text6                               248      248        D         0
                text5                               1DE      1DE       24         0
                text4                               18A      18A       2B         0
                text3                               1B5      1B5       29         0
                text2                               233      233       15         0
                text1                                90       90       67         0
                maintext                            202      202       1A         0
                idataCOMMON                         26B      26B        1         0

        CLASS   STRCODE        

        CLASS   STRING         
                strings                             21C      21C       17         0

        CLASS   CONST          

        CLASS   ENTRY          

        CLASS   COMMON         
                cstackCOMMON                         70       70        7         1
                dataCOMMON                           79       79        1         1
                bssCOMMON                            77       77        2         1

        CLASS   BANK0          
                cstackBANK0                          20       20        9         1
                bssBANK0                             29       29        4         1

        CLASS   BANK1          

        CLASS   BANK2          

        CLASS   BANK3          

        CLASS   RAM            

        CLASS   ABS1           
                abs_s1                               7E       7E        2         1

        CLASS   SFR0           

        CLASS   SFR1           

        CLASS   SFR2           

        CLASS   SFR3           

        CLASS   CONFIG         
                config                             2007     2007        1         0

        CLASS   IDLOC          

        CLASS   EEDATA         



SEGMENTS        Name                           Load    Length   Top    Selector   Space  Class     Delta

                reset_vec                      000000  000003  000003         0       0  CODE        2
                intentry                       000004  000218  00021C         8       0  CODE        2
                cstackBANK0                    000020  00000D  00002D        20       1  BANK0       1
                cstackCOMMON                   000070  00000A  00007A        70       1  COMMON      1
                strings                        00021C  000017  000233       438       0  STRING      2
                text2                          000233  000039  00026C       466       0  CODE        2
                config                         002007  000001  002008      400E       0  CONFIG      2


UNUSED ADDRESS RANGES

        Name                Unused          Largest block    Delta
        BANK0            002D-006F             43           1
        BANK1            00A0-00EF             50           1
        BANK2            0110-016F             60           1
        BANK3            0190-01EF             60           1
        CODE             0003-0003              1           2
                         026C-1FFF            800
        COMMON           007A-007D              4           1
        CONST            0003-0003              1           2
                         026C-1FFF            100
        EEDATA           2100-21FF            100           2
        ENTRY            0003-0003              1           2
                         026C-1FFF            100
        IDLOC            2000-2003              4           2
        RAM              002D-006F             43           1
                         00A0-00EF             50
                         0110-016F             60
                         0190-01EF             60
        SFR0             0000-001F             20           1
        SFR1             0080-009F             20           1
        SFR2             0100-010F             10           1
        SFR3             0180-018F             10           1
        STACK            0110-016F             60           1
        STRCODE          0003-0003              1           2
                         026C-1FFF           1D94
        STRING           0003-0003              1           2
                         026C-1FFF            100

                                  Symbol Table

_GIE                              (abs)        005F
_PEIE                             (abs)        005E
_PORTD                            (abs)        0008
_PR2                              (abs)        0092
_RB0                              (abs)        0030
_RB1                              (abs)        0031
_RB2                              (abs)        0032
_RD0                              (abs)        0040
_RD1                              (abs)        0041
_RE1                              (abs)        0049
_RE2                              (abs)        004A
_T2CKPS0                          (abs)        0090
_T2CKPS1                          (abs)        0091
_TMR2IE                           (abs)        0461
_TMR2IF                           (abs)        0061
_TMR2ON                           (abs)        0092
_TRISB                            (abs)        0086
_TRISD                            (abs)        0088
_TRISD0                           (abs)        0440
_TRISD1                           (abs)        0441
_TRISE1                           (abs)        0449
_TRISE2                           (abs)        044A
__CFG_WDTE$OFF                    (abs)        0000
__Habs1                           abs1         0000
__Hbank0                          bank0        0000
__Hbank1                          bank1        0000
__Hbank2                          bank2        0000
__Hbank3                          bank3        0000
__HbssBANK0                       bssBANK0     0000
__HbssCOMMON                      bssCOMMON    0000
__Hcinit                          cinit        001F
__Hclrtext                        clrtext      0000
__Hcode                           code         0000
__Hcommon                         common       0000
__Hconfig                         config       2008
__HcstackBANK0                    cstackBANK0  0000
__HcstackCOMMON                   cstackCOMMON 0000
__HdataCOMMON                     dataCOMMON   0000
__Heeprom_data                    eeprom_data  0000
__Hend_init                       end_init     000F
__Hfunctab                        functab      0000
__HidataCOMMON                    idataCOMMON  0000
__Hidloc                          idloc        0000
__Hinit                           init         000C
__Hintentry                       intentry     000C
__Hmaintext                       maintext     0000
__Hpowerup                        powerup      0000
__Hram                            ram          0000
__Hreset_vec                      reset_vec    0003
__Hsfr0                           sfr0         0000
__Hsfr1                           sfr1         0000
__Hsfr2                           sfr2         0000
__Hsfr3                           sfr3         0000
__Hspace_0                        (abs)        2008
__Hspace_1                        (abs)        007A
__Hspace_2                        (abs)        0000
__Hspace_3                        (abs)        0000
__Hstack                          stack        0000
__Hstrings                        strings      0000
__Htext                           text         0000
__Labs1                           abs1         0000
__Lbank0                          bank0        0000
__Lbank1                          bank1        0000
__Lbank2                          bank2        0000
__Lbank3                          bank3        0000
__LbssBANK0                       bssBANK0     0000
__LbssCOMMON                      bssCOMMON    0000
__Lcinit                          cinit        000F
__Lclrtext                        clrtext      0000
__Lcode                           code         0000
__Lcommon                         common       0000
__Lconfig                         config       2007
__LcstackBANK0                    cstackBANK0  0000
__LcstackCOMMON                   cstackCOMMON 0000
__LdataCOMMON                     dataCOMMON   0000
__Leeprom_data                    eeprom_data  0000
__Lend_init                       end_init     000C
__Lfunctab                        functab      0000
__LidataCOMMON                    idataCOMMON  0000
__Lidloc                          idloc        0000
__Linit                           init         000C
__Lintentry                       intentry     0004
__Lmaintext                       maintext     0000
__Lpowerup                        powerup      0000
__Lram                            ram          0000
__Lreset_vec                      reset_vec    0000
__Lsfr0                           sfr0         0000
__Lsfr1                           sfr1         0000
__Lsfr2                           sfr2         0000
__Lsfr3                           sfr3         0000
__Lspace_0                        (abs)        0000
__Lspace_1                        (abs)        0000
__Lspace_2                        (abs)        0000
__Lspace_3                        (abs)        0000
__Lstack                          stack        0000
__Lstrings                        strings      0000
__Ltext                           text         0000
__S0                              (abs)        2008
__S1                              (abs)        007A
__S2                              (abs)        0000
__S3                              (abs)        0000
___int_sp                         stack        0000
___latbits                        (abs)        0002
___sp                             stack        0000
___stackhi                        (abs)        0000
___stacklo                        (abs)        0000
__end_of__initialization          cinit        001B
__end_of__stringtab               strings      0222
__end_of_clcd_print               text10       015D
__end_of_clcd_putch               text2        0248
__end_of_clcd_write               text11       012F
__end_of_init_clcd                text8        026B
__end_of_init_config              text5        0202
__end_of_init_display_controller  text9        0090
__end_of_init_matrix_keypad       text7        0260
__end_of_init_timer2              text6        0255
__end_of_isr                      text12       018A
__end_of_main                     maintext     021C
__end_of_read_matrix_keypad       text3        01DE
__end_of_scan_keypad              text4        01B5
__end_of_software_pwm             text1        00F7
__initialization                  cinit        000F
__pbssBANK0                       bssBANK0     0029
__pbssCOMMON                      bssCOMMON    0077
__pcstackBANK0                    cstackBANK0  0020
__pcstackCOMMON                   cstackCOMMON 0070
__pdataCOMMON                     dataCOMMON   0079
__pidataCOMMON                    idataCOMMON  026B
__pintentry                       intentry     0004
__pmaintext                       maintext     0202
__pstrings                        strings      021C
__ptext1                          text1        0090
__ptext10                         text10       012F
__ptext11                         text11       00F7
__ptext12                         text12       015D
__ptext2                          text2        0233
__ptext3                          text3        01B5
__ptext4                          text4        018A
__ptext5                          text5        01DE
__ptext6                          text6        0248
__ptext7                          text7        0255
__ptext8                          text8        0260
__ptext9                          text9        001F
__size_of_clcd_print              (abs)        0000
__size_of_clcd_putch              (abs)        0000
__size_of_clcd_write              (abs)        0000
__size_of_init_clcd               (abs)        0000
__size_of_init_config             (abs)        0000
__size_of_init_display_controller (abs)        0000
__size_of_init_matrix_keypad      (abs)        0000
__size_of_init_timer2             (abs)        0000
__size_of_isr                     (abs)        0000
__size_of_main                    (abs)        0000
__size_of_read_matrix_keypad      (abs)        0000
__size_of_scan_keypad             (abs)        0000
__size_of_software_pwm            (abs)        0000
__stringbase                      strings      0221
__stringtab                       strings      021C
_clcd_print                       text10       012F
_clcd_putch                       text2        0233
_clcd_write                       text11       00F7
_duty_cycle                       bssBANK0     002B
_init_clcd                        text8        0260
_init_config                      text5        01DE
_init_display_controller          text9        001F
_init_matrix_keypad               text7        0255
_init_timer2                      text6        0248
_isr                              text12       015D
_main                             maintext     0202
_nRBPU                            (abs)        040F
_pos                              bssBANK0     002C
_read_matrix_keypad               text3        01B5
_scan_keypad                      text4        018A
_software_pwm                     text1        0090
btemp                             (abs)        007E
clcd_print@addr                   cstackBANK0  0021
clcd_print@str                    cstackBANK0  0023
clcd_putch@addr                   cstackBANK0  0021
clcd_putch@data                   cstackBANK0  0022
clcd_write@byte                   cstackBANK0  0020
clcd_write@mode                   cstackCOMMON 0074
end_of_initialization             cinit        001B
interrupt_function                intentry     0004
intlevel0                         functab      0000
intlevel1                         functab      0000
intlevel2                         functab      0000
intlevel3                         functab      0000
intlevel4                         functab      0000
intlevel5                         functab      0000
isr@count                         bssCOMMON    0077
main@key                          cstackBANK0  0028
read_matrix_keypad@key            cstackBANK0  0021
read_matrix_keypad@mode           cstackBANK0  0020
read_matrix_keypad@once           dataCOMMON   0079
reset_vec                         reset_vec    0000
saved_w                           (abs)        007E
scan_keypad@i                     cstackCOMMON 0074
software_pwm@key                  cstackBANK0  0025
software_pwm@wait                 bssBANK0     0029
start                             init         000C
start_initialization              cinit        000F
wtemp0                            (abs)        007E


FUNCTION INFORMATION:

 *************** function _main *****************
 Defined at:
		line 68 in file "main.c"
 Parameters:    Size  Location     Type
		None
 Auto vars:     Size  Location     Type
  key             1    8[BANK0 ] unsigned char 
 Return value:  Size  Location     Type
                  1    wreg      void 
 Registers used:
		wreg, fsr0l, fsr0h, status,2, status,0, pclath, cstack
 Tracked objects:
		On entry : 
		On exit  : 
		Unchanged: 
 Data sizes:     COMMON   BANK0   BANK1   BANK3   BANK2
      Params:         0       0       0       0       0
      Locals:         0       1       0       0       0
      Temps:          0       1       0       0       0
      Totals:         0       2       0       0       0
Total ram usage:        2 bytes
 Hardware stack levels required when called:    5
 This function calls:
		_init_config
		_read_matrix_keypad
		_software_pwm
 This function is called by:
		Startup code after reset
 This function uses a non-reentrant model


 *************** function _software_pwm *****************
 Defined at:
		line 20 in file "main.c"
 Parameters:    Size  Location     Type
  key             1    wreg     unsigned char 
 Auto vars:     Size  Location     Type
  key             1    5[BANK0 ] unsigned char 
  clear           1    0        unsigned char 
  block           1    0        unsigned char 
 Return value:  Size  Location     Type
                  1    wreg      void 
 Registers used:
		wreg, status,2, status,0, pclath, cstack
 Tracked objects:
		On entry : 
		On exit  : 
		Unchanged: 
 Data sizes:     COMMON   BANK0   BANK1   BANK3   BANK2
      Params:         0       0       0       0       0
      Locals:         0       3       0       0       0
      Temps:          0       1       0       0       0
      Totals:         0       4       0       0       0
Total ram usage:        4 bytes
 Hardware stack levels used:    1
 Hardware stack levels required when called:    3
 This function calls:
		_clcd_putch
 This function is called by:
		_main
 This function uses a non-reentrant model


 *************** function _clcd_putch *****************
 Defined at:
		line 56 in file "clcd.c"
 Parameters:    Size  Location     Type
  data            1    wreg     const unsigned char 
  addr            1    1[BANK0 ] unsigned char 
 Auto vars:     Size  Location     Type
  data            1    2[BANK0 ] const unsigned char 
 Return value:  Size  Location     Type
                  1    wreg      void 
 Registers used:
		wreg, status,2, status,0, pclath, cstack
 Tracked objects:
		On entry : 
		On exit  : 
		Unchanged: 
 Data sizes:     COMMON   BANK0   BANK1   BANK3   BANK2
      Params:         0       1       0       0       0
      Locals:         0       1       0       0       0
      Temps:          0       0       0       0       0
      Totals:         0       2       0       0       0
Total ram usage:        2 bytes
 Hardware stack levels used:    1
 Hardware stack levels required when called:    2
 This function calls:
		_clcd_write
 This function is called by:
		_software_pwm
 This function uses a non-reentrant model


 *************** function _read_matrix_keypad *****************
 Defined at:
		line 45 in file "matrix_keypad.c"
 Parameters:    Size  Location     Type
  mode            1    wreg     unsigned char 
 Auto vars:     Size  Location     Type
  mode            1    0[BANK0 ] unsigned char 
  key             1    1[BANK0 ] unsigned char 
 Return value:  Size  Location     Type
                  1    wreg      unsigned char 
 Registers used:
		wreg, status,2, status,0, pclath, cstack
 Tracked objects:
		On entry : 
		On exit  : 
		Unchanged: 
 Data sizes:     COMMON   BANK0   BANK1   BANK3   BANK2
      Params:         0       0       0       0       0
      Locals:         0       2       0       0       0
      Temps:          1       0       0       0       0
      Totals:         1       2       0       0       0
Total ram usage:        3 bytes
 Hardware stack levels used:    1
 Hardware stack levels required when called:    2
 This function calls:
		_scan_keypad
 This function is called by:
		_main
 This function uses a non-reentrant model


 *************** function _scan_keypad *****************
 Defined at:
		line 19 in file "matrix_keypad.c"
 Parameters:    Size  Location     Type
		None
 Auto vars:     Size  Location     Type
  i               2    4[COMMON] int 
 Return value:  Size  Location     Type
                  1    wreg      unsigned char 
 Registers used:
		wreg, status,2, status,0
 Tracked objects:
		On entry : 
		On exit  : 
		Unchanged: 
 Data sizes:     COMMON   BANK0   BANK1   BANK3   BANK2
      Params:         0       0       0       0       0
      Locals:         2       0       0       0       0
      Temps:          0       0       0       0       0
      Totals:         2       0       0       0       0
Total ram usage:        2 bytes
 Hardware stack levels used:    1
 Hardware stack levels required when called:    1
 This function calls:
		Nothing
 This function is called by:
		_read_matrix_keypad
 This function uses a non-reentrant model


 *************** function _init_config *****************
 Defined at:
		line 53 in file "main.c"
 Parameters:    Size  Location     Type
		None
 Auto vars:     Size  Location     Type
		None
 Return value:  Size  Location     Type
                  1    wreg      void 
 Registers used:
		wreg, fsr0l, fsr0h, status,2, status,0, pclath, cstack
 Tracked objects:
		On entry : 
		On exit  : 
		Unchanged: 
 Data sizes:     COMMON   BANK0   BANK1   BANK3   BANK2
      Params:         0       0       0       0       0
      Locals:         0       0       0       0       0
      Temps:          0       1       0       0       0
      Totals:         0       1       0       0       0
Total ram usage:        1 bytes
 Hardware stack levels used:    1
 Hardware stack levels required when called:    4
 This function calls:
		_clcd_print
		_init_clcd
		_init_matrix_keypad
		_init_timer2
 This function is called by:
		_main
 This function uses a non-reentrant model


 *************** function _init_timer2 *****************
 Defined at:
		line 4 in file "Timers.c"
 Parameters:    Size  Location     Type
		None
 Auto vars:     Size  Location     Type
		None
 Return value:  Size  Location     Type
                  1    wreg      void 
 Registers used:
		wreg
 Tracked objects:
		On entry : 
		On exit  : 
		Unchanged: 
 Data sizes:     COMMON   BANK0   BANK1   BANK3   BANK2
      Params:         0       0       0       0       0
      Locals:         0       0       0       0       0
      Temps:          0       0       0       0       0
      Totals:         0       0       0       0       0
Total ram usage:        0 bytes
 Hardware stack levels used:    1
 Hardware stack levels required when called:    1
 This function calls:
		Nothing
 This function is called by:
		_init_config
 This function uses a non-reentrant model


 *************** function _init_matrix_keypad *****************
 Defined at:
		line 4 in file "matrix_keypad.c"
 Parameters:    Size  Location     Type
		None
 Auto vars:     Size  Location     Type
		None
 Return value:  Size  Location     Type
                  1    wreg      void 
 Registers used:
		wreg, status,2
 Tracked objects:
		On entry : 
		On exit  : 
		Unchanged: 
 Data sizes:     COMMON   BANK0   BANK1   BANK3   BANK2
      Params:         0       0       0       0       0
      Locals:         0       0       0       0       0
      Temps:          0       0       0       0       0
      Totals:         0       0       0       0       0
Total ram usage:        0 bytes
 Hardware stack levels used:    1
 Hardware stack levels required when called:    1
 This function calls:
		Nothing
 This function is called by:
		_init_config
 This function uses a non-reentrant model


 *************** function _init_clcd *****************
 Defined at:
		line 44 in file "clcd.c"
 Parameters:    Size  Location     Type
		None
 Auto vars:     Size  Location     Type
		None
 Return value:  Size  Location     Type
                  1    wreg      void 
 Registers used:
		wreg, status,2, status,0, pclath, cstack
 Tracked objects:
		On entry : 
		On exit  : 
		Unchanged: 
 Data sizes:     COMMON   BANK0   BANK1   BANK3   BANK2
      Params:         0       0       0       0       0
      Locals:         0       0       0       0       0
      Temps:          0       0       0       0       0
      Totals:         0       0       0       0       0
Total ram usage:        0 bytes
 Hardware stack levels used:    1
 Hardware stack levels required when called:    3
 This function calls:
		_init_display_controller
 This function is called by:
		_init_config
 This function uses a non-reentrant model


 *************** function _init_display_controller *****************
 Defined at:
		line 21 in file "clcd.c"
 Parameters:    Size  Location     Type
		None
 Auto vars:     Size  Location     Type
		None
 Return value:  Size  Location     Type
                  1    wreg      void 
 Registers used:
		wreg, status,2, status,0, pclath, cstack
 Tracked objects:
		On entry : 
		On exit  : 
		Unchanged: 
 Data sizes:     COMMON   BANK0   BANK1   BANK3   BANK2
      Params:         0       0       0       0       0
      Locals:         0       0       0       0       0
      Temps:          0       2       0       0       0
      Totals:         0       2       0       0       0
Total ram usage:        2 bytes
 Hardware stack levels used:    1
 Hardware stack levels required when called:    2
 This function calls:
		_clcd_write
 This function is called by:
		_init_clcd
 This function uses a non-reentrant model


 *************** function _clcd_print *****************
 Defined at:
		line 62 in file "clcd.c"
 Parameters:    Size  Location     Type
  str             1    wreg     PTR const unsigned char 
		 -> STR_1(17), 
  addr            1    1[BANK0 ] unsigned char 
 Auto vars:     Size  Location     Type
  str             1    3[BANK0 ] PTR const unsigned char 
		 -> STR_1(17), 
 Return value:  Size  Location     Type
                  1    wreg      void 
 Registers used:
		wreg, fsr0l, fsr0h, status,2, status,0, pclath, cstack
 Tracked objects:
		On entry : 
		On exit  : 
		Unchanged: 
 Data sizes:     COMMON   BANK0   BANK1   BANK3   BANK2
      Params:         0       1       0       0       0
      Locals:         0       1       0       0       0
      Temps:          0       1       0       0       0
      Totals:         0       3       0       0       0
Total ram usage:        3 bytes
 Hardware stack levels used:    1
 Hardware stack levels required when called:    2
 This function calls:
		_clcd_write
 This function is called by:
		_init_config
 This function uses a non-reentrant model


 *************** function _clcd_write *****************
 Defined at:
		line 4 in file "clcd.c"
 Parameters:    Size  Location     Type
  byte            1    wreg     unsigned char 
  mode            1    4[COMMON] unsigned char 
 Auto vars:     Size  Location     Type
  byte            1    0[BANK0 ] unsigned char 
 Return value:  Size  Location     Type
                  1    wreg      void 
 Registers used:
		wreg, status,2, status,0
 Tracked objects:
		On entry : 
		On exit  : 
		Unchanged: 
 Data sizes:     COMMON   BANK0   BANK1   BANK3   BANK2
      Params:         1       0       0       0       0
      Locals:         0       1       0       0       0
      Temps:          2       0       0       0       0
      Totals:         3       1       0       0       0
Total ram usage:        4 bytes
 Hardware stack levels used:    1
 Hardware stack levels required when called:    1
 This function calls:
		Nothing
 This function is called by:
		_init_display_controller
		_clcd_putch
		_clcd_print
 This function uses a non-reentrant model


 *************** function _isr *****************
 Defined at:
		line 3 in file "isr.c"
 Parameters:    Size  Location     Type
		None
 Auto vars:     Size  Location     Type
		None
 Return value:  Size  Location     Type
                  1    wreg      void 
 Registers used:
		wreg, status,2, status,0
 Tracked objects:
		On entry : 
		On exit  : 
		Unchanged: 
 Data sizes:     COMMON   BANK0   BANK1   BANK3   BANK2
      Params:         0       0       0       0       0
      Locals:         0       0       0       0       0
      Temps:          4       0       0       0       0
      Totals:         4       0       0       0       0
Total ram usage:        4 bytes
 Hardware stack levels used:    1
 This function calls:
		Nothing
 This function is called by:
		Interrupt level 1
 This function uses a non-reentrant model



MODULE INFORMATION

Module		Function		Class		Link	Load	Size
matrix_keypad.c
		_init_matrix_keypad		CODE           	0255	0000	12
		_read_matrix_keypad		CODE           	01B5	0000	42
		_scan_keypad   		CODE           	018A	0000	44

matrix_keypad.c estimated size: 98

Timers.c
		_init_timer2   		CODE           	0248	0000	14

Timers.c estimated size: 14

isr.c
		_isr           		CODE           	015D	0000	46

isr.c estimated size: 46

shared
		__stringtab    		STRING         	021C	0000	7
		__initialization		CODE           	000F	0000	13

shared estimated size: 20

clcd.c
		_clcd_write    		CODE           	00F7	0000	57
		_clcd_print    		CODE           	012F	0000	47
		_clcd_putch    		CODE           	0233	0000	22
		_init_display_controller		CODE           	001F	0000	114
		_init_clcd     		CODE           	0260	0000	12

clcd.c estimated size: 252

main.c
		_main          		CODE           	0202	0000	27
		_software_pwm  		CODE           	0090	0000	104
		_init_config   		CODE           	01DE	0000	37

main.c estimated size: 168

